******************************************************************************
                  TI ARM Linker PC v18.12.1                    
******************************************************************************
>> Linked Fri May 31 16:17:47 2019

OUTPUT FILE NAME:   <interrupts.out>
ENTRY POINT SYMBOL: "_c_int00_noargs"  address: 000006f1


MEMORY CONFIGURATION

         name            origin    length      used     unused   attr    fill
----------------------  --------  ---------  --------  --------  ----  --------
  FLASH                 00000000   00040000  00000992  0003f66e  R  X
  SRAM                  20000000   00008000  00000201  00007dff  RW X


SEGMENT ALLOCATION MAP

run origin  load origin   length   init length attrs members
----------  ----------- ---------- ----------- ----- -------
00000000    00000000    00000994   00000994    r-x
  00000000    00000000    0000026c   0000026c    r-- .intvecs
  0000026c    0000026c    000005a6   000005a6    r-x .text
  00000814    00000814    0000016c   0000016c    r-- .const
  00000980    00000980    00000014   00000014    r-- .cinit
20000000    20000000    00000201   00000000    rw-
  20000000    20000000    00000200   00000000    rw- .stack
  20000200    20000200    00000001   00000000    rw- .bss


SECTION ALLOCATION MAP

 output                                  attributes/
section   page    origin      length       input sections
--------  ----  ----------  ----------   ----------------
.intvecs   0    00000000    0000026c     
                  00000000    0000026c     tm4c123gh6pm_startup_ccs.obj (.intvecs)

.text      0    0000026c    000005a6     
                  0000026c    00000132     driverlib.lib : gpio.obj (.text:GPIOPadConfigSet)
                  0000039e    00000002     --HOLE-- [fill = 0]
                  000003a0    00000110                   : sysctl.obj (.text:SysCtlClockGet)
                  000004b0    000000d0     main.obj (.text)
                  00000580    00000068     driverlib.lib : interrupt.obj (.text:IntEnable)
                  000005e8    00000048                   : gpio.obj (.text:GPIOPinConfigure)
                  00000630    00000046                   : uart.obj (.text:UARTConfigSetExpClk)
                  00000676    00000002     --HOLE-- [fill = 0]
                  00000678    00000044     rtsv7M4_T_le_v4SPD16_eabi.lib : autoinit.c.obj (.text:__TI_auto_init_nobinit_nopinit:__TI_auto_init_nobinit_nopinit)
                  000006bc    00000034     driverlib.lib : sysctl.obj (.text:SysCtlPeripheralEnable)
                  000006f0    00000034     rtsv7M4_T_le_v4SPD16_eabi.lib : boot_cortex_m.c.obj (.text:_c_int00_noargs:_c_int00_noargs)
                  00000724    0000002a     driverlib.lib : gpio.obj (.text:GPIODirModeSet)
                  0000074e    00000002     --HOLE-- [fill = 0]
                  00000750    00000020                   : uart.obj (.text:UARTDisable)
                  00000770    00000018                   : gpio.obj (.text:GPIOPinTypeGPIOOutput)
                  00000788    00000014                   : uart.obj (.text:UARTEnable)
                  0000079c    00000012                   : gpio.obj (.text:GPIOPinTypeUART)
                  000007ae    00000012     rtsv7M4_T_le_v4SPD16_eabi.lib : copy_zero_init.c.obj (.text:decompress:ZI:__TI_zero_init_nomemset:__TI_zero_init_nomemset)
                  000007c0    00000010     driverlib.lib : interrupt.obj (.text:IntMasterEnable)
                  000007d0    0000000e                   : uart.obj (.text:UARTCharGetNonBlocking)
                  000007de    0000000c                   : cpu.obj (.text:CPUcpsie)
                  000007ea    0000000c     tm4c123gh6pm_startup_ccs.obj (.text)
                  000007f6    00000008     driverlib.lib : uart.obj (.text:UARTIntEnable)
                  000007fe    00000006                   : gpio.obj (.text:GPIOPinWrite)
                  00000804    00000006                   : sysctl.obj (.text:SysCtlDelay)
                  0000080a    00000004     rtsv7M4_T_le_v4SPD16_eabi.lib : pre_init.c.obj (.text:_system_pre_init)
                  0000080e    00000004                                   : exit.c.obj (.text:abort:abort)

.const     0    00000814    0000016c     
                  00000814    00000090     driverlib.lib : gpio.obj (.const:g_pui32GPIOBaseAddrs)
                  000008a4    00000070                   : interrupt.obj (.const)
                  00000914    0000006c                   : sysctl.obj (.const:g_pui32Xtals)

.cinit     0    00000980    00000014     
                  00000980    00000008     (.cinit..bss.load) [load image, compression = zero_init]
                  00000988    00000004     (__TI_handler_table)
                  0000098c    00000008     (__TI_cinit_table)

.init_array 
*          0    00000000    00000000     UNINITIALIZED

.bss       0    20000200    00000001     UNINITIALIZED
                  20000200    00000001     (.common:k)

.stack     0    20000000    00000200     UNINITIALIZED
                  20000000    00000004     rtsv7M4_T_le_v4SPD16_eabi.lib : boot_cortex_m.c.obj (.stack)
                  20000004    000001fc     --HOLE--

MODULE SUMMARY

       Module                         code   ro data   rw data
       ------                         ----   -------   -------
    .\
       tm4c123gh6pm_startup_ccs.obj   12     620       0      
       main.obj                       208    0         1      
    +--+------------------------------+------+---------+---------+
       Total:                         220    620       1      
                                                              
    C:/ti/TivaWare_C_Series-2.1.4.178/driverlib/ccs/Debug/driverlib.lib
       gpio.obj                       468    144       0      
       sysctl.obj                     330    108       0      
       interrupt.obj                  120    112       0      
       uart.obj                       144    0         0      
       cpu.obj                        12     0         0      
    +--+------------------------------+------+---------+---------+
       Total:                         1074   364       0      
                                                              
    C:\ti\ccs901\ccs\tools\compiler\ti-cgt-arm_18.12.1.LTS\lib\rtsv7M4_T_le_v4SPD16_eabi.lib
       autoinit.c.obj                 68     0         0      
       boot_cortex_m.c.obj            52     0         0      
       copy_zero_init.c.obj           18     0         0      
       exit.c.obj                     4      0         0      
       pre_init.c.obj                 4      0         0      
    +--+------------------------------+------+---------+---------+
       Total:                         146    0         0      
                                                              
       Stack:                         0      0         512    
       Linker Generated:              0      20        0      
    +--+------------------------------+------+---------+---------+
       Grand Total:                   1440   1004      513    


LINKER GENERATED COPY TABLES

__TI_cinit_table @ 0000098c records: 1, size/record: 8, table size: 8
	.bss: load addr=00000980, load size=00000008 bytes, run addr=20000200, run size=00000001 bytes, compression=zero_init


LINKER GENERATED HANDLER TABLE

__TI_handler_table @ 00000988 records: 1, size/record: 4, table size: 4
	index: 0, handler: __TI_zero_init


GLOBAL SYMBOLS: SORTED ALPHABETICALLY BY Name 

address   name                          
-------   ----                          
0000080f  C$$EXIT                       
000007df  CPUcpsie                      
00000725  GPIODirModeSet                
0000026d  GPIOPadConfigSet              
000005e9  GPIOPinConfigure              
00000771  GPIOPinTypeGPIOOutput         
0000079d  GPIOPinTypeUART               
000007ff  GPIOPinWrite                  
00000581  IntEnable                     
000007c1  IntMasterEnable               
000007eb  ResetISR                      
000003a1  SysCtlClockGet                
00000805  SysCtlDelay                   
000006bd  SysCtlPeripheralEnable        
000007d1  UARTCharGetNonBlocking        
00000631  UARTConfigSetExpClk           
00000751  UARTDisable                   
00000789  UARTEnable                    
000007f7  UARTIntEnable                 
000004b1  UARTIntHandler                
20000200  __STACK_END                   
00000200  __STACK_SIZE                  
20000200  __STACK_TOP                   
0000098c  __TI_CINIT_Base               
00000994  __TI_CINIT_Limit              
00000988  __TI_Handler_Table_Base       
0000098c  __TI_Handler_Table_Limit      
00000679  __TI_auto_init_nobinit_nopinit
ffffffff  __TI_pprof_out_hndl           
ffffffff  __TI_prof_data_size           
ffffffff  __TI_prof_data_start          
00000000  __TI_static_base__            
000007af  __TI_zero_init_nomemset       
ffffffff  __binit__                     
ffffffff  __c_args__                    
UNDEFED   __mpu_init                    
20000000  __stack                       
000006f1  _c_int00_noargs               
UNDEFED   _system_post_cinit            
0000080b  _system_pre_init              
0000080f  abort                         
ffffffff  binit                         
00000000  g_pfnVectors                  
20000200  k                             
000004e5  main                          


GLOBAL SYMBOLS: SORTED BY Symbol Address 

address   name                          
-------   ----                          
00000000  __TI_static_base__            
00000000  g_pfnVectors                  
00000200  __STACK_SIZE                  
0000026d  GPIOPadConfigSet              
000003a1  SysCtlClockGet                
000004b1  UARTIntHandler                
000004e5  main                          
00000581  IntEnable                     
000005e9  GPIOPinConfigure              
00000631  UARTConfigSetExpClk           
00000679  __TI_auto_init_nobinit_nopinit
000006bd  SysCtlPeripheralEnable        
000006f1  _c_int00_noargs               
00000725  GPIODirModeSet                
00000751  UARTDisable                   
00000771  GPIOPinTypeGPIOOutput         
00000789  UARTEnable                    
0000079d  GPIOPinTypeUART               
000007af  __TI_zero_init_nomemset       
000007c1  IntMasterEnable               
000007d1  UARTCharGetNonBlocking        
000007df  CPUcpsie                      
000007eb  ResetISR                      
000007f7  UARTIntEnable                 
000007ff  GPIOPinWrite                  
00000805  SysCtlDelay                   
0000080b  _system_pre_init              
0000080f  C$$EXIT                       
0000080f  abort                         
00000988  __TI_Handler_Table_Base       
0000098c  __TI_CINIT_Base               
0000098c  __TI_Handler_Table_Limit      
00000994  __TI_CINIT_Limit              
20000000  __stack                       
20000200  __STACK_END                   
20000200  __STACK_TOP                   
20000200  k                             
ffffffff  __TI_pprof_out_hndl           
ffffffff  __TI_prof_data_size           
ffffffff  __TI_prof_data_start          
ffffffff  __binit__                     
ffffffff  __c_args__                    
ffffffff  binit                         
UNDEFED   __mpu_init                    
UNDEFED   _system_post_cinit            

[45 symbols]
