******************************************************************************
                  TI ARM Linker PC v18.12.1                    
******************************************************************************
>> Linked Fri Jun 21 11:14:25 2019

OUTPUT FILE NAME:   <RTOS-TUTORIALS.out>
ENTRY POINT SYMBOL: "_c_int00"  address: 000033f9


MEMORY CONFIGURATION

         name            origin    length      used     unused   attr    fill
----------------------  --------  ---------  --------  --------  ----  --------
  FLASH                 00000000   00040000  000075ca  00038a36  R  X
  SRAM                  20000000   00008000  000024ec  00005b14  RW X


SEGMENT ALLOCATION MAP

run origin  load origin   length   init length attrs members
----------  ----------- ---------- ----------- ----- -------
00000000    00000000    000075d0   000075d0    r-x
  00000000    00000000    0000003c   0000003c    r-- .resetVecs
  00000040    00000040    00004df2   00004df2    r-x .text
  00004e34    00004e34    00002524   00002524    r-- .const
  00007358    00007358    00000278   00000278    r-- .cinit
20000000    20000000    00000360   00000000    rw-
  20000000    20000000    00000360   00000000    rw- .vecs
20000380    20000380    00002190   00000000    rw-
  20000380    20000380    000018b0   00000000    rw- .bss
  20001c30    20001c30    000005dc   00000000    rw- .data
  20002210    20002210    00000300   00000000    rw- .stack


SECTION ALLOCATION MAP

 output                                  attributes/
section   page    origin      length       input sections
--------  ----  ----------  ----------   ----------------
.text      0    00000040    00004df2     
                  00000040    00000430     sysbios.aem4f : BIOS.obj (.text:ti_sysbios_family_arm_m3_Hwi_excDumpRegs__I)
                  00000470    0000034c     ti.targets.arm.rtsarm.aem4f : System.oem4f (.text:xdc_runtime_System_doPrint__I)
                  000007bc    00000004     rtsv7M4_T_le_v4SPD16_eabi.lib : exit.c.obj (.text:abort:abort)
                  000007c0    000001fc     sysbios.aem4f : BIOS.obj (.text:ti_sysbios_family_arm_m3_Hwi_excHandlerMax__I)
                  000009bc    00000004     empty_min_pem4f.oem4f (.text:ti_sysbios_BIOS_RtsGateProxy_enter__E)
                  000009c0    00000174     sysbios.aem4f : BIOS.obj (.text:ti_sysbios_family_arm_m3_Hwi_excBusFault__I)
                  00000b34    00000004     empty_min_pem4f.oem4f (.text:ti_sysbios_BIOS_RtsGateProxy_leave__E)
                  00000b38    00000164     sysbios.aem4f : BIOS.obj (.text:ti_sysbios_family_arm_m3_Hwi_excUsageFault__I)
                  00000c9c    00000004                   : BIOS.obj (.text:ti_sysbios_family_arm_lm4_Timer_masterEnable__I)
                  00000ca0    00000148                   : BIOS.obj (.text:ti_sysbios_family_arm_m3_Hwi_excMemFault__I)
                  00000de8    00000138                   : BIOS.obj (.text:ti_sysbios_knl_Semaphore_pend__E)
                  00000f20    00000138     empty_min_pem4f.oem4f (.text:ti_uia_loggers_LoggerStopMode_writeMemoryRange__E)
                  00001058    00000130     driverlib.lib : gpio.obj (.text:GPIOPadConfigSet)
                  00001188    00000118     ti.targets.arm.rtsarm.aem4f : Error.oem4f (.text:xdc_runtime_Error_policyDefault__E)
                  000012a0    0000010c     empty_min_pem4f.oem4f (.text:ti_uia_loggers_LoggerStopMode_write8__E)
                  000013ac    00000004     empty_min_pem4f.oem4f (.text:ti_sysbios_family_arm_m3_TaskSupport_Module__startupDone__S)
                  000013b0    00000108     sysbios.aem4f : BIOS.obj (.text:ti_sysbios_family_arm_lm4_Timer_start__E)
                  000014b8    00000104                   : BIOS.obj (.text:ti_sysbios_family_arm_lm4_TimestampProvider_get64__E)
                  000015bc    00000100     Boot.aem4f : Boot_sysctl.oem4f (.text:ti_catalog_arm_cortexm4_tiva_ce_Boot_sysCtlClockSetI__I)
                  000016bc    00000100     ti.targets.arm.rtsarm.aem4f : Core-mem.oem4f (.text:xdc_runtime_Core_createObject__I)
                  000017bc    000000f8                                 : Startup.oem4f (.text:xdc_runtime_Startup_startMods__I)
                  000018b4    000000f8     empty_min_pem4f.oem4f (.text:xdc_runtime_System_printfExtend__I)
                  000019ac    000000f4     sysbios.aem4f : m3_Hwi_asm.obj (.text:ti_sysbios_family_arm_m3_Hwi_dispatch__I)
                  00001aa0    000000f4     empty_min_pem4f.oem4f (.text:ti_uia_loggers_LoggerStopMode_write4__E)
                  00001b94    000000f0     driverlib.lib : sysctl.obj (.text:SysCtlClockSet)
                  00001c84    000000e8     empty_min_pem4f.oem4f (.text:ti_uia_loggers_LoggerStopMode_write1__E)
                  00001d6c    000000e8     empty_min_pem4f.oem4f (.text:ti_uia_loggers_LoggerStopMode_write2__E)
                  00001e54    000000d8     empty_min_pem4f.oem4f (.text:ti_uia_loggers_LoggerStopMode_write0__E)
                  00001f2c    000000d4     test.obj (.text:ledToggle)
                  00002000    000000d4     sysbios.aem4f : BIOS.obj (.text:ti_sysbios_heaps_HeapMem_alloc__E)
                  000020d4    000000cc     ti.targets.arm.rtsarm.aem4f : Core-smem.oem4f (.text:xdc_runtime_Core_constructObject__I)
                  000021a0    000000bc     sysbios.aem4f : BIOS.obj (.text:ti_sysbios_family_arm_m3_Hwi_excDebugMon__I)
                  0000225c    00000004     empty_min_pem4f.oem4f (.text:ti_sysbios_heaps_HeapMem_Module_GateProxy_enter__E)
                  00002260    000000bc     sysbios.aem4f : BIOS.obj (.text:ti_sysbios_family_arm_m3_Hwi_excHardFault__I)
                  0000231c    00000004     empty_min_pem4f.oem4f (.text:ti_sysbios_heaps_HeapMem_Module_GateProxy_leave__E)
                  00002320    000000ac     sysbios.aem4f : BIOS.obj (.text:ti_sysbios_family_arm_lm4_Timer_enableTiva__I)
                  000023cc    000000a0     auto_init.aem4f : auto_init.oem4f (.text)
                  0000246c    000000a0     ti.targets.arm.rtsarm.aem4f : Text.oem4f (.text:xdc_runtime_Text_putMod__E)
                  0000250c    0000009c     rtsv7M4_T_le_v4SPD16_eabi.lib : memcpy_t2.asm.obj (.text)
                  000025a8    0000009a     ti.targets.arm.rtsarm.aem4f : Text.oem4f (.text:xdc_runtime_Text_putSite__E)
                  00002642    00000002     rtsv7M4_T_le_v4SPD16_eabi.lib : _lock.c.obj (.text:_nop)
                  00002644    00000098     Boot.aem4f : Boot.oem4f (.text:ti_catalog_arm_cortexm4_tiva_ce_Boot_sysCtlClockSet__E)
                  000026dc    00000094     test.obj (.text:main)
                  00002770    00000094     sysbios.aem4f : BIOS.obj (.text:ti_sysbios_family_arm_m3_Hwi_initNVIC__E)
                  00002804    00000004     empty_min_pem4f.oem4f (.text:ti_sysbios_knl_Clock_TimerProxy_getMaxTicks__E)
                  00002808    00000094     sysbios.aem4f : BIOS.obj (.text:ti_sysbios_knl_Task_postInit__I)
                  0000289c    00000090     ti.uia.loggers.aem4f : LoggerStopMode.oem4f (.text:ti_uia_loggers_LoggerStopMode_initQueueDescriptor__E)
                  0000292c    0000008c     sysbios.aem4f : m3_TaskSupport_asm.obj (.text:ti_sysbios_family_arm_m3_TaskSupport_buildTaskStack)
                  000029b8    00000084                   : BIOS.obj (.text:ti_sysbios_family_arm_lm4_Timer_getExpiredCounts__E)
                  00002a3c    00000004     empty_min_pem4f.oem4f (.text:ti_sysbios_knl_Clock_TimerProxy_getPeriod__E)
                  00002a40    00000084     sysbios.aem4f : BIOS.obj (.text:ti_sysbios_family_arm_m3_Hwi_postInit__I)
                  00002ac4    00000004     empty_min_pem4f.oem4f (.text:ti_sysbios_knl_Queue_destruct)
                  00002ac8    00000080     sysbios.aem4f : BIOS.obj (.text:ti_sysbios_utils_Load_updateLoads__E)
                  00002b48    0000007c                   : BIOS.obj (.text:ti_sysbios_heaps_HeapMem_free__E)
                  00002bc4    0000007a     rtsv7M4_T_le_v4SPD16_eabi.lib : memset_t2.asm.obj (.text)
                  00002c3e    00000002                                   : div0.asm.obj (.text)
                  00002c40    00000074     ti.uia.runtime.aem4f : QueueDescriptor.oem4f (.text:ti_uia_runtime_QueueDescriptor_addToList__E)
                  00002cb4    00000004     empty_min_pem4f.oem4f (.text:ti_sysbios_knl_Semaphore_destruct)
                  00002cb8    00000070     sysbios.aem4f : BIOS.obj (.text:ti_sysbios_knl_Clock_workFunc__E)
                  00002d28    00000070                   : BIOS.obj (.text:ti_sysbios_knl_Task_exit__E)
                  00002d98    0000006d     ti.targets.arm.rtsarm.aem4f : System.oem4f (.text:xdc_runtime_System_formatNum__I)
                  00002e05    00000001     --HOLE-- [fill = 0]
                  00002e06    00000002     empty_min_pem4f.oem4f (.text:ti_sysbios_BIOS_nullFunc__I)
                  00002e08    0000006c     sysbios.aem4f : BIOS.obj (.text:ti_sysbios_knl_Swi_restoreHwi__E)
                  00002e74    0000006c     ti.targets.arm.rtsarm.aem4f : Error.oem4f (.text:xdc_runtime_Error_print__E)
                  00002ee0    0000006c                                 : Memory.oem4f (.text:xdc_runtime_Memory_alloc__E)
                  00002f4c    00000068     rtsv7M4_T_le_v4SPD16_eabi.lib : copy_decompress_lzss.c.obj (.text:decompress:lzss:__TI_decompress_lzss)
                  00002fb4    00000066     ti.uia.loggers.aem4f : LoggerStopMode.oem4f (.text:ti_uia_loggers_LoggerStopMode_flush__E)
                  0000301a    00000066     ti.targets.arm.rtsarm.aem4f : Core-mem.oem4f (.text:xdc_runtime_Core_deleteObject__I)
                  00003080    00000064     sysbios.aem4f : BIOS.obj (.text:ti_sysbios_family_arm_lm4_Timer_Module_startup__E)
                  000030e4    00000004     ti.uia.loggers.aem4f : LoggerStopMode.oem4f (.text:ti_uia_loggers_LoggerStopMode_getContents__E)
                  000030e8    00000064     sysbios.aem4f : BIOS.obj (.text:ti_sysbios_family_arm_m3_Hwi_dispatchC__I)
                  0000314c    00000004     empty_min_pem4f.oem4f (.text:ti_uia_loggers_LoggerStopMode_getFilterLevel__E)
                  00003150    00000064     sysbios.aem4f : BIOS.obj (.text:ti_sysbios_knl_Semaphore_post__E)
                  000031b4    00000004     ti.uia.loggers.aem4f : LoggerStopMode.oem4f (.text:ti_uia_loggers_LoggerStopMode_getInstanceId__E)
                  000031b8    00000064     sysbios.aem4f : BIOS.obj (.text:ti_sysbios_utils_Load_idleFxn__E)
                  0000321c    00000004     ti.uia.loggers.aem4f : LoggerStopMode.oem4f (.text:ti_uia_loggers_LoggerStopMode_getMaxLength__E)
                  00003220    0000005c     sysbios.aem4f : BIOS.obj (.text:ti_sysbios_knl_Swi_run__I)
                  0000327c    00000004     ti.uia.loggers.aem4f : LoggerStopMode.oem4f (.text:ti_uia_loggers_LoggerStopMode_getPriority__E)
                  00003280    0000005c     sysbios.aem4f : BIOS.obj (.text:ti_sysbios_knl_Swi_schedule__I)
                  000032dc    00000004     ti.uia.loggers.aem4f : LoggerStopMode.oem4f (.text:ti_uia_loggers_LoggerStopMode_getTransferType__E)
                  000032e0    0000005c     sysbios.aem4f : BIOS.obj (.text:ti_sysbios_knl_Task_Module_startup__E)
                  0000333c    00000004     ti.targets.arm.rtsarm.aem4f : Error.oem4f (.text:xdc_runtime_Error_getSite__E)
                  00003340    0000005c     sysbios.aem4f : BIOS.obj (.text:ti_sysbios_knl_Task_startCore__E)
                  0000339c    0000005b     ti.targets.arm.rtsarm.aem4f : Text.oem4f (.text:xdc_runtime_Text_putLab__E)
                  000033f7    00000001     --HOLE-- [fill = 0]
                  000033f8    00000058     boot.aem4f : boot.oem4f (.text)
                  00003450    00000058     rtsv7M4_T_le_v4SPD16_eabi.lib : hostwrite.c.obj (.text:HOSTwrite)
                  000034a8    00000058     sysbios.aem4f : BIOS.obj (.text:ti_sysbios_family_arm_lm4_TimestampProvider_get32__E)
                  00003500    00000058                   : m3_Hwi_asm_switch.obj (.text:ti_sysbios_family_arm_m3_Hwi_initStacks__E)
                  00003558    00000054                   : BIOS.obj (.text:ti_sysbios_family_arm_lm4_Timer_initDevice__I)
                  000035ac    00000054     ti.targets.arm.rtsarm.aem4f : Assert.oem4f (.text:xdc_runtime_Assert_raise__I)
                  00003600    00000050     sysbios.aem4f : BIOS.obj (.text:ti_sysbios_family_arm_m3_Hwi_Module_startup__E)
                  00003650    00000050     ti.targets.arm.rtsarm.aem4f : Startup.oem4f (.text:xdc_runtime_Startup_exec__E)
                  000036a0    00000050                                 : Text.oem4f (.text:xdc_runtime_Text_visitRope2__I)
                  000036f0    0000004c     rtsv7M4_T_le_v4SPD16_eabi.lib : cpy_tbl.c.obj (.text:copy_in)
                  0000373c    00000004     empty_min_pem4f.oem4f (.text:xdc_runtime_System_Module_GateProxy_enter__E)
                  00003740    0000004c     sysbios.aem4f : BIOS.obj (.text:ti_sysbios_heaps_HeapMem_getStats__E)
                  0000378c    00000004     empty_min_pem4f.oem4f (.text:xdc_runtime_System_Module_GateProxy_leave__E)
                  00003790    0000004c     sysbios.aem4f : BIOS.obj (.text:ti_sysbios_knl_Swi_runLoop__I)
                  000037dc    00000004     ti.targets.arm.rtsarm.aem4f : System.oem4f (.text:xdc_runtime_System_aprintf_va__F)
                  000037e0    0000004c     sysbios.aem4f : BIOS.obj (.text:ti_sysbios_knl_Task_allBlockedFunction__I)
                  0000382c    00000004     ti.targets.arm.rtsarm.aem4f : System.oem4f (.text:xdc_runtime_System_printf_va__F)
                  00003830    0000004c     sysbios.aem4f : BIOS.obj (.text:ti_sysbios_knl_Task_schedule__I)
                  0000387c    0000004c     ti.uia.loggers.aem4f : LoggerStopMode.oem4f (.text:ti_uia_loggers_LoggerStopMode_Module_startup__E)
                  000038c8    00000048     sysbios.aem4f : BIOS.obj (.text:ti_sysbios_family_arm_lm4_Timer_enableTimers__I)
                  00003910    00000048                   : BIOS.obj (.text:ti_sysbios_family_arm_m3_Hwi_disableInterrupt__E)
                  00003958    00000048                   : BIOS.obj (.text:ti_sysbios_family_arm_m3_Hwi_enableInterrupt__E)
                  000039a0    00000048                   : BIOS.obj (.text:ti_sysbios_family_arm_m3_Hwi_excReserved__I)
                  000039e8    00000046     ti.targets.arm.rtsarm.aem4f : Core-params.oem4f (.text:xdc_runtime_Core_assignParams__I)
                  00003a2e    00000002     empty_min_pem4f.oem4f (.text:ti_uia_loggers_LoggerStopMode_setFilterLevel__E)
                  00003a30    00000044     sysbios.aem4f : BIOS.obj (.text:ti_sysbios_family_arm_lm4_Timer_isrStub__E)
                  00003a74    00000002     ti.uia.loggers.aem4f : LoggerStopMode.oem4f (.text:ti_uia_loggers_LoggerStopMode_setPriority__E)
                  00003a76    00000002     empty_min_pem4f.oem4f (.text:xdc_runtime_Startup_reset__I)
                  00003a78    00000044     sysbios.aem4f : BIOS.obj (.text:ti_sysbios_family_arm_m3_Hwi_getStackInfo__E)
                  00003abc    00000004     --HOLE-- [fill = 0]
                  00003ac0    00000044                   : BIOS.obj (.text:ti_sysbios_knl_Swi_post__E)
                  00003b04    00000044     ti.uia.loggers.aem4f : LoggerStopMode.oem4f (.text:ti_uia_loggers_LoggerStopMode_initBuffer__I)
                  00003b48    00000044     ti.targets.arm.rtsarm.aem4f : Error.oem4f (.text:xdc_runtime_Error_setX__E)
                  00003b8c    00000044                                 : SysMin.oem4f (.text:xdc_runtime_SysMin_flush__E)
                  00003bd0    00000044                                 : Text.oem4f (.text:xdc_runtime_Text_xprintf__I)
                  00003c14    00000040     rtsv7M4_T_le_v4SPD16_eabi.lib : u_divt2.asm.obj (.text)
                  00003c54    00000004     --HOLE-- [fill = 0]
                  00003c58    00000040     sysbios.aem4f : BIOS.obj (.text:ti_sysbios_family_arm_lm4_Timer_startup__E)
                  00003c98    00000040                   : BIOS.obj (.text:ti_sysbios_heaps_HeapMem_Instance_init__E)
                  00003cd8    0000003c                   : BIOS.obj (.text:ti_sysbios_family_arm_m3_Hwi_excSvCall__I)
                  00003d14    00000004     --HOLE-- [fill = 0]
                  00003d18    0000003c                   : BIOS.obj (.text:ti_sysbios_heaps_HeapMem_init__I)
                  00003d54    00000004     --HOLE-- [fill = 0]
                  00003d58    0000003c                   : BIOS.obj (.text:ti_sysbios_knl_Swi_restore__E)
                  00003d94    00000038     rtsv7M4_T_le_v4SPD16_eabi.lib : trgmsg.c.obj (.text:__TI_writemsg)
                  00003dcc    00000004     --HOLE-- [fill = 0]
                  00003dd0    00000038     sysbios.aem4f : BIOS.obj (.text:ti_sysbios_family_arm_m3_Hwi_excNoIsr__I)
                  00003e08    00000038                   : BIOS.obj (.text:ti_sysbios_knl_Task_processVitalTaskFlag__I)
                  00003e40    00000038     ti.targets.arm.rtsarm.aem4f : SysMin.oem4f (.text:xdc_runtime_SysMin_putch__E)
                  00003e78    00000038                                 : System.oem4f (.text:xdc_runtime_System_atexit__E)
                  00003eb0    00000034     driverlib.lib : sysctl.obj (.text:SysCtlPeripheralEnable)
                  00003ee4    00000034     rtsv7M4_T_le_v4SPD16_eabi.lib : trgmsg.c.obj (.text:__TI_readmsg)
                  00003f18    00000034     sysbios.aem4f : BIOS.obj (.text:ti_sysbios_family_arm_m3_Hwi_excNmi__I)
                  00003f4c    00000034     ti.uia.loggers.aem4f : LoggerStopMode.oem4f (.text:ti_uia_loggers_LoggerStopMode_reset__E)
                  00003f80    00000034     ti.targets.arm.rtsarm.aem4f : Core-label.oem4f (.text:xdc_runtime_Core_assignLabel__I)
                  00003fb4    00000033                                 : Text.oem4f (.text:xdc_runtime_Text_printVisFxn__I)
                  00003fe7    00000001     --HOLE-- [fill = 0]
                  00003fe8    00000032     sysbios.aem4f : BIOS.obj (.text:ti_sysbios_hal_Hwi_initStack)
                  0000401a    00000002     --HOLE-- [fill = 0]
                  0000401c    00000030     test.obj (.text:hardware_init)
                  0000404c    00000030     empty_min_pem4f.oem4f (.text:ti_sysbios_BIOS_atExitFunc__I)
                  0000407c    00000004     --HOLE-- [fill = 0]
                  00004080    00000030     sysbios.aem4f : BIOS.obj (.text:ti_sysbios_family_arm_lm4_Timer_stop__E)
                  000040b0    00000030                   : BIOS.obj (.text:ti_sysbios_family_arm_m3_TaskSupport_start__E)
                  000040e0    00000030     empty_min_pem4f.oem4f (.text:ti_sysbios_gates_GateHwi_Object__create__S)
                  00004110    00000030     empty_min_pem4f.oem4f (.text:ti_sysbios_gates_GateMutex_Object__create__S)
                  00004140    00000030     sysbios.aem4f : BIOS.obj (.text:ti_sysbios_gates_GateMutex_enter__E)
                  00004170    00000030     empty_min_pem4f.oem4f (.text:ti_sysbios_heaps_HeapMem_Object__create__S)
                  000041a0    00000030     empty_min_pem4f.oem4f (.text:ti_sysbios_knl_Semaphore_construct)
                  000041d0    00000030     sysbios.aem4f : BIOS.obj (.text:ti_sysbios_knl_Semaphore_pendTimeout__I)
                  00004200    00000030                   : BIOS.obj (.text:ti_sysbios_knl_Task_unblockI__E)
                  00004230    00000030                   : BIOS.obj (.text:ti_sysbios_utils_Load_updateCurrentThreadTime__E)
                  00004260    00000030     empty_min_pem4f.oem4f (.text:ti_uia_loggers_LoggerStopMode_Object__create__S)
                  00004290    00000030     ti.targets.arm.rtsarm.aem4f : SysMin.oem4f (.text:xdc_runtime_SysMin_abort__E)
                  000042c0    00000030                                 : System.oem4f (.text:xdc_runtime_System_processAtExit__E)
                  000042f0    0000002c     empty_min_pem4f.oem4f (.text:ti_sysbios_knl_Clock_doTick__I)
                  0000431c    0000002c     empty_min_pem4f.oem4f (.text:ti_sysbios_knl_Queue_construct)
                  00004348    0000002c     sysbios.aem4f : BIOS.obj (.text:ti_sysbios_knl_Task_restore__E)
                  00004374    0000002c     ti.targets.arm.rtsarm.aem4f : Text.oem4f (.text:xdc_runtime_Text_cordText__E)
                  000043a0    0000002a     driverlib.lib : gpio.obj (.text:GPIODirModeSet)
                  000043ca    0000002a     ti.targets.arm.rtsarm.aem4f : System.oem4f (.text:xdc_runtime_System_putchar__I)
                  000043f4    00000004     --HOLE-- [fill = 0]
                  000043f8    00000028     sysbios.aem4f : BIOS.obj (.text:ti_sysbios_knl_Clock_addI__E)
                  00004420    00000028                   : BIOS.obj (.text:ti_sysbios_knl_Swi_Module_startup__E)
                  00004448    00000026                   : m3_Hwi_asm.obj (.text:ti_sysbios_family_arm_m3_Hwi_pendSV__I)
                  0000446e    00000026     ti.targets.arm.rtsarm.aem4f : System.oem4f (.text:xdc_runtime_System_avprintf__E)
                  00004494    00000024     empty_min_pem4f.oem4f (.text:ti_sysbios_BIOS_registerRTSLock__I)
                  000044b8    00000024     empty_min_pem4f.oem4f (.text:ti_sysbios_BIOS_removeRTSLock__I)
                  000044dc    00000024     empty_min_pem4f.oem4f (.text:ti_sysbios_BIOS_startFunc__I)
                  00004500    00000024     empty_min_pem4f.oem4f (.text:ti_sysbios_gates_GateMutex_Object__delete__S)
                  00004524    00000004     --HOLE-- [fill = 0]
                  00004528    00000024     sysbios.aem4f : BIOS.obj (.text:ti_sysbios_knl_Clock_Module_startup__E)
                  0000454c    00000004     --HOLE-- [fill = 0]
                  00004550    00000024                   : BIOS.obj (.text:ti_sysbios_knl_Semaphore_Instance_init__E)
                  00004574    00000004     --HOLE-- [fill = 0]
                  00004578    00000024                   : BIOS.obj (.text:ti_sysbios_knl_Task_restoreHwi__E)
                  0000459c    00000004     --HOLE-- [fill = 0]
                  000045a0    00000024                   : BIOS.obj (.text:ti_sysbios_utils_Load_updateThreadContexts__E)
                  000045c4    00000024     ti.targets.arm.rtsarm.aem4f : System.oem4f (.text:xdc_runtime_System_vprintf__E)
                  000045e8    00000022     sysbios.aem4f : BIOS.obj (.text:ti_sysbios_family_arm_lm4_Timer_write__I)
                  0000460a    00000022     empty_min_pem4f.oem4f (.text:xdc_runtime_SysMin_output__I)
                  0000462c    00000020     empty_min_pem4f.oem4f (.text:ti_sysbios_BIOS_rtsLock__I)
                  0000464c    00000020     sysbios.aem4f : m3_Hwi_asm.obj (.text:ti_sysbios_family_arm_m3_Hwi_excHandlerAsm__I)
                  0000466c    00000004     --HOLE-- [fill = 0]
                  00004670    00000020                   : BIOS.obj (.text:ti_sysbios_family_arm_m3_Hwi_excHandler__I)
                  00004690    00000020     empty_min_pem4f.oem4f (.text:ti_sysbios_gates_GateHwi_Object__delete__S)
                  000046b0    00000020     empty_min_pem4f.oem4f (.text:ti_sysbios_heaps_HeapMem_Object__delete__S)
                  000046d0    00000020     sysbios.aem4f : BIOS.obj (.text:ti_sysbios_knl_Idle_run__E)
                  000046f0    00000020     empty_min_pem4f.oem4f (.text:ti_sysbios_knl_Semaphore_Object__destruct__S)
                  00004710    00000020     empty_min_pem4f.oem4f (.text:ti_uia_loggers_LoggerStopMode_Object__delete__S)
                  00004730    00000020     ti.targets.arm.rtsarm.aem4f : Registry.oem4f (.text:xdc_runtime_Registry_findById__E)
                  00004750    00000020                                 : SysMin.oem4f (.text:xdc_runtime_SysMin_Module_startup__E)
                  00004770    0000001e     empty_min_pem4f.oem4f (.text:ti_sysbios_BIOS_errorRaiseHook__I)
                  0000478e    0000001e     sysbios.aem4f : m3_Hwi_asm_switch.obj (.text:ti_sysbios_family_xxx_Hwi_switchAndRunFunc)
                  000047ac    00000004     --HOLE-- [fill = 0]
                  000047b0    0000001c                   : BIOS.obj (.text:ti_sysbios_gates_GateMutex_Instance_init__E)
                  000047cc    0000001c     empty_min_pem4f.oem4f (.text:ti_sysbios_knl_Queue_Object__destruct__S)
                  000047e8    0000001c     sysbios.aem4f : BIOS.obj (.text:ti_sysbios_knl_Queue_put__E)
                  00004804    00000004     --HOLE-- [fill = 0]
                  00004808    0000001c                   : BIOS.obj (.text:ti_sysbios_knl_Task_enter__I)
                  00004824    0000001c     ti.uia.loggers.aem4f : LoggerStopMode.oem4f (.text:ti_uia_loggers_LoggerStopMode_Instance_init__E)
                  00004840    0000001c     ti.targets.arm.rtsarm.aem4f : Error.oem4f (.text:xdc_runtime_Error_raiseX__E)
                  0000485c    0000001c                                 : Memory.oem4f (.text:xdc_runtime_Memory_valloc__E)
                  00004878    0000001c                                 : SysMin.oem4f (.text:xdc_runtime_SysMin_exit__E)
                  00004894    0000001c                                 : System.oem4f (.text:xdc_runtime_System_abort__E)
                  000048b0    0000001a     empty_min_pem4f.oem4f (.text:ti_sysbios_family_arm_m3_Hwi_Handle__label__S)
                  000048ca    0000001a     empty_min_pem4f.oem4f (.text:ti_sysbios_gates_GateHwi_Handle__label__S)
                  000048e4    0000001a     empty_min_pem4f.oem4f (.text:ti_sysbios_gates_GateMutex_Handle__label__S)
                  000048fe    0000001a     empty_min_pem4f.oem4f (.text:ti_sysbios_heaps_HeapMem_Handle__label__S)
                  00004918    0000001a     empty_min_pem4f.oem4f (.text:ti_sysbios_knl_Swi_Handle__label__S)
                  00004932    0000001a     empty_min_pem4f.oem4f (.text:ti_sysbios_knl_Task_Handle__label__S)
                  0000494c    0000001a     empty_min_pem4f.oem4f (.text:ti_uia_loggers_LoggerStopMode_Handle__label__S)
                  00004966    0000001a     empty_min_pem4f.oem4f (.text:xdc_runtime_System_aprintf__E)
                  00004980    0000001a     empty_min_pem4f.oem4f (.text:xdc_runtime_System_printf__E)
                  0000499a    00000018     driverlib.lib : gpio.obj (.text:GPIOPinTypeGPIOOutput)
                  000049b2    00000002     --HOLE-- [fill = 0]
                  000049b4    00000018     rtsv7M4_T_le_v4SPD16_eabi.lib : args_main.c.obj (.text:_args_main)
                  000049cc    00000018     empty_min_pem4f.oem4f (.text:ti_sysbios_BIOS_rtsUnlock__I)
                  000049e4    00000018     empty_min_pem4f.oem4f (.text:ti_sysbios_family_arm_lm4_Timer_Module__startupDone__F)
                  000049fc    00000018     empty_min_pem4f.oem4f (.text:ti_sysbios_family_arm_m3_Hwi_Module__startupDone__F)
                  00004a14    00000018     sysbios.aem4f : m3_TaskSupport_asm.obj (.text:ti_sysbios_family_arm_m3_TaskSupport_swap__E)
                  00004a2c    00000004     --HOLE-- [fill = 0]
                  00004a30    00000018                   : BIOS.obj (.text:ti_sysbios_gates_GateMutex_leave__E)
                  00004a48    00000018     ti.targets.arm.rtsarm.aem4f : Error.oem4f (.text:xdc_runtime_Error_check__E)
                  00004a60    00000018                                 : System.oem4f (.text:xdc_runtime_System_exit__E)
                  00004a78    00000018                                 : Text.oem4f (.text:xdc_runtime_Text_ropeText__E)
                  00004a90    00000016     empty_min_pem4f.oem4f (.text:ti_sysbios_BIOS_exitFunc__I)
                  00004aa6    00000016     ti.uia.loggers.aem4f : LoggerStopMode.oem4f (.text:ti_uia_loggers_LoggerStopMode_disable__E)
                  00004abc    00000016                          : LoggerStopMode.oem4f (.text:ti_uia_loggers_LoggerStopMode_enable__E)
                  00004ad2    00000002     --HOLE-- [fill = 0]
                  00004ad4    00000014     test.obj (.text:led)
                  00004ae8    00000014     rtsv7M4_T_le_v4SPD16_eabi.lib : strlen.c.obj (.text:strlen)
                  00004afc    00000014     empty_min_pem4f.oem4f (.text:ti_sysbios_family_arm_m3_Hwi_Object__get__S)
                  00004b10    00000014     sysbios.aem4f : BIOS.obj (.text:ti_sysbios_family_arm_m3_Hwi_switchFromBootStack__E)
                  00004b24    00000014     empty_min_pem4f.oem4f (.text:ti_sysbios_heaps_HeapMem_Object__get__S)
                  00004b38    00000014     empty_min_pem4f.oem4f (.text:ti_sysbios_knl_Swi_Object__get__S)
                  00004b4c    00000004     --HOLE-- [fill = 0]
                  00004b50    00000012     sysbios.aem4f : BIOS.obj (.text:ti_sysbios_hal_Hwi_Module_startup__E)
                  00004b62    00000012     empty_min_pem4f.oem4f (.text:xdc_runtime_Startup_exec__I)
                  00004b74    00000010     test.obj (.text:delay)
                  00004b84    00000004     --HOLE-- [fill = 0]
                  00004b88    00000010     sysbios.aem4f : BIOS.obj (.text:ti_sysbios_BIOS_getCpuFreq__E)
                  00004b98    00000010                   : BIOS.obj (.text:ti_sysbios_BIOS_setThreadType__E)
                  00004ba8    00000010                   : BIOS.obj (.text:ti_sysbios_BIOS_start__E)
                  00004bb8    00000010                   : BIOS.obj (.text:ti_sysbios_family_arm_lm4_TimestampProvider_rolloverFunc__E)
                  00004bc8    00000010                   : m3_TaskSupport_asm.obj (.text:ti_sysbios_family_arm_m3_TaskSupport_glue)
                  00004bd8    00000010                   : BIOS.obj (.text:ti_sysbios_gates_GateMutex_Instance_finalize__E)
                  00004be8    00000010                   : BIOS.obj (.text:ti_sysbios_knl_Semaphore_Instance_finalize__E)
                  00004bf8    00000010                   : BIOS.obj (.text:ti_sysbios_knl_Swi_disable__E)
                  00004c08    00000010     empty_min_pem4f.oem4f (.text:ti_sysbios_knl_Task_Object__get__S)
                  00004c18    00000010     sysbios.aem4f : BIOS.obj (.text:ti_sysbios_knl_Task_disable__E)
                  00004c28    00000010     empty_min_pem4f.oem4f (.text:ti_uia_loggers_LoggerStopMode_Object__get__S)
                  00004c38    00000010     ti.uia.loggers.aem4f : LoggerStopMode.oem4f (.text:ti_uia_loggers_LoggerStopMode_isEmpty__E)
                  00004c48    00000010     ti.targets.arm.rtsarm.aem4f : Gate.oem4f (.text:xdc_runtime_Gate_leaveSystem__E)
                  00004c58    00000010                                 : Memory.oem4f (.text:xdc_runtime_Memory_free__E)
                  00004c68    00000010                                 : SysMin.oem4f (.text:xdc_runtime_SysMin_ready__E)
                  00004c78    00000010                                 : System.oem4f (.text:xdc_runtime_System_vsnprintf__E)
                  00004c88    00000010     empty_min_pem4f.oem4f (.text:xdc_runtime_Text_visitRope__I)
                  00004c98    0000000e     rtsv7M4_T_le_v4SPD16_eabi.lib : copy_decompress_none.c.obj (.text:decompress:none:__TI_decompress_none)
                  00004ca6    00000002     --HOLE-- [fill = 0]
                  00004ca8    0000000e     sysbios.aem4f : BIOS.obj (.text:ti_sysbios_knl_Idle_loop__E)
                  00004cb6    00000002     --HOLE-- [fill = 0]
                  00004cb8    0000000e                   : BIOS.obj (.text:ti_sysbios_knl_Queue_empty__E)
                  00004cc6    00000002     --HOLE-- [fill = 0]
                  00004cc8    0000000c     empty_min_pem4f.oem4f (.text:.bootCodeSection:ti_catalog_arm_cortexm4_tiva_ce_Boot_init__I)
                  00004cd4    0000000c     rtsv7M4_T_le_v4SPD16_eabi.lib : _lock.c.obj (.text:_register_lock)
                  00004ce0    0000000c                                   : _lock.c.obj (.text:_register_unlock)
                  00004cec    0000000c                                   : copy_zero_init.c.obj (.text:decompress:ZI:__TI_zero_init)
                  00004cf8    0000000c     sysbios.aem4f : BIOS.obj (.text:ti_sysbios_family_arm_lm4_Timer_getMaxTicks__E)
                  00004d04    00000004     --HOLE-- [fill = 0]
                  00004d08    0000000c                   : BIOS.obj (.text:ti_sysbios_family_arm_lm4_TimestampProvider_startTimer__E)
                  00004d14    00000004     --HOLE-- [fill = 0]
                  00004d18    0000000c                   : BIOS.obj (.text:ti_sysbios_family_arm_m3_Hwi_disableFxn__E)
                  00004d24    00000004     --HOLE-- [fill = 0]
                  00004d28    0000000c                   : BIOS.obj (.text:ti_sysbios_gates_GateHwi_enter__E)
                  00004d34    00000004     --HOLE-- [fill = 0]
                  00004d38    0000000c                   : BIOS.obj (.text:ti_sysbios_knl_Clock_getTickPeriod__E)
                  00004d44    0000000c     empty_min_pem4f.oem4f (.text:ti_sysbios_knl_Queue_Object__get__S)
                  00004d50    0000000c     ti.targets.arm.rtsarm.aem4f : Error.oem4f (.text:xdc_runtime_Error_init__E)
                  00004d5c    0000000c                                 : Gate.oem4f (.text:xdc_runtime_Gate_enterSystem__E)
                  00004d68    0000000c                                 : Memory.oem4f (.text:xdc_runtime_Memory_calloc__E)
                  00004d74    0000000c                                 : Memory.oem4f (.text:xdc_runtime_Memory_getMaxDefaultTypeAlign__E)
                  00004d80    0000000a     empty_min_pem4f.oem4f (.text:xdc_runtime_IHeap_alloc)
                  00004d8a    0000000a     empty_min_pem4f.oem4f (.text:xdc_runtime_IHeap_free)
                  00004d94    00000008     sysbios.aem4f : BIOS.obj (.text:ti_sysbios_family_arm_lm4_Timer_masterDisable__I)
                  00004d9c    00000004     --HOLE-- [fill = 0]
                  00004da0    00000008                   : BIOS.obj (.text:ti_sysbios_family_arm_m3_Hwi_doSwiRestore__I)
                  00004da8    00000008                   : BIOS.obj (.text:ti_sysbios_family_arm_m3_Hwi_startup__E)
                  00004db0    00000006     driverlib.lib : gpio.obj (.text:GPIOPinRead)
                  00004db6    00000006                   : gpio.obj (.text:GPIOPinWrite)
                  00004dbc    00000006                   : sysctl.obj (.text:SysCtlDelay)
                  00004dc2    00000006     Boot.aem4f : Boot_sysctl.oem4f (.text:ti_catalog_arm_cortexm4_tiva_ce_Boot_sysCtlDelayI__I)
                  00004dc8    00000006     sysbios.aem4f : BIOS.obj (.text:ti_sysbios_family_arm_lm4_TimestampProvider_Module_startup__E)
                  00004dce    00000002     --HOLE-- [fill = 0]
                  00004dd0    00000006                   : BIOS.obj (.text:ti_sysbios_family_arm_m3_Hwi_doTaskRestore__I)
                  00004dd6    00000002     --HOLE-- [fill = 0]
                  00004dd8    00000006                   : BIOS.obj (.text:ti_sysbios_family_arm_m3_Hwi_restoreFxn__E)
                  00004dde    00000002     --HOLE-- [fill = 0]
                  00004de0    00000006                   : BIOS.obj (.text:ti_sysbios_gates_GateHwi_leave__E)
                  00004de6    00000002     --HOLE-- [fill = 0]
                  00004de8    00000006                   : BIOS.obj (.text:ti_sysbios_heaps_HeapMem_isBlocking__E)
                  00004dee    00000002     --HOLE-- [fill = 0]
                  00004df0    00000006                   : BIOS.obj (.text:ti_sysbios_knl_Queue_Instance_init__E)
                  00004df6    00000002     --HOLE-- [fill = 0]
                  00004df8    00000006                   : BIOS.obj (.text:ti_sysbios_knl_Swi_startup__E)
                  00004dfe    00000006     ti.targets.arm.rtsarm.aem4f : System.oem4f (.text:xdc_runtime_System_Module_startup__E)
                  00004e04    00000004     --HOLE-- [fill = 0]
                  00004e08    00000004     sysbios.aem4f : BIOS.obj (.text:ti_sysbios_family_arm_lm4_Timer_getPeriod__E)
                  00004e0c    00000004     --HOLE-- [fill = 0]
                  00004e10    00000004                   : BIOS.obj (.text:ti_sysbios_gates_GateHwi_query__E)
                  00004e14    00000004     --HOLE-- [fill = 0]
                  00004e18    00000004                   : BIOS.obj (.text:ti_sysbios_gates_GateMutex_query__E)
                  00004e1c    00000004     --HOLE-- [fill = 0]
                  00004e20    00000004                   : BIOS.obj (.text:ti_sysbios_knl_Task_startup__E)
                  00004e24    00000004     --HOLE-- [fill = 0]
                  00004e28    00000002                   : BIOS.obj (.text:ti_sysbios_gates_GateHwi_Instance_init__E)
                  00004e2a    00000006     --HOLE-- [fill = 0]
                  00004e30    00000002                   : BIOS.obj (.text:ti_sysbios_knl_Clock_logTick__E)

.const     0    00004e34    00002524     
                  00004e34    00001f9b     empty_min_pem4f.oem4f (.const:xdc_runtime_Text_charTab__A)
                  00006dcf    00000001     empty_min_pem4f.oem4f (.const:xdc_runtime_Error_policy__C)
                  00006dd0    00000100     empty_min_pem4f.oem4f (.const:xdc_runtime_Text_nodeTab__A)
                  00006ed0    00000060     empty_min_pem4f.oem4f (.const:ti_uia_loggers_LoggerStopMode_Module__FXNS__C)
                  00006f30    00000048     empty_min_pem4f.oem4f (.const:.string)
                  00006f78    00000028     empty_min_pem4f.oem4f (.const:ti_sysbios_heaps_HeapMem_Module__FXNS__C)
                  00006fa0    00000028     empty_min_pem4f.oem4f (.const:ti_uia_loggers_LoggerStopMode_Object__PARAMS__C)
                  00006fc8    00000028     empty_min_pem4f.oem4f (.const:xdc_runtime_Startup_sfxnTab__A)
                  00006ff0    00000024     empty_min_pem4f.oem4f (.const:ti_sysbios_gates_GateHwi_Module__FXNS__C)
                  00007014    00000024     empty_min_pem4f.oem4f (.const:ti_sysbios_gates_GateMutex_Module__FXNS__C)
                  00007038    00000024     empty_min_pem4f.oem4f (.const:ti_sysbios_heaps_HeapMem_Object__PARAMS__C)
                  0000705c    00000024     empty_min_pem4f.oem4f (.const:ti_sysbios_knl_Semaphore_Object__PARAMS__C)
                  00007080    00000020     empty_min_pem4f.oem4f (.const:ti_sysbios_gates_GateHwi_Object__DESC__C)
                  000070a0    00000020     empty_min_pem4f.oem4f (.const:ti_sysbios_gates_GateMutex_Object__DESC__C)
                  000070c0    00000020     empty_min_pem4f.oem4f (.const:ti_sysbios_heaps_HeapMem_Object__DESC__C)
                  000070e0    00000020     empty_min_pem4f.oem4f (.const:ti_sysbios_knl_Queue_Object__DESC__C)
                  00007100    00000020     empty_min_pem4f.oem4f (.const:ti_sysbios_knl_Semaphore_Object__DESC__C)
                  00007120    00000020     empty_min_pem4f.oem4f (.const:ti_uia_loggers_LoggerStopMode_Object__DESC__C)
                  00007140    00000018     empty_min_pem4f.oem4f (.const:ti_sysbios_gates_GateHwi_Object__PARAMS__C)
                  00007158    00000018     empty_min_pem4f.oem4f (.const:ti_sysbios_gates_GateMutex_Object__PARAMS__C)
                  00007170    00000018     empty_min_pem4f.oem4f (.const:ti_sysbios_knl_Queue_Object__PARAMS__C)
                  00007188    00000014     empty_min_pem4f.oem4f (.const:xdc_runtime_Startup_firstFxns__A)
                  0000719c    00000014     empty_min_pem4f.oem4f (.const:xdc_runtime_Startup_sfxnRts__A)
                  000071b0    00000008     empty_min_pem4f.oem4f (.const:ti_sysbios_family_arm_m3_Hwi_excHookFuncs__A)
                  000071b8    00000008     empty_min_pem4f.oem4f (.const:ti_sysbios_knl_Idle_funcList__A)
                  000071c0    00000008     empty_min_pem4f.oem4f (.const:ti_sysbios_knl_Idle_funcList__C)
                  000071c8    00000008     empty_min_pem4f.oem4f (.const:xdc_runtime_Startup_firstFxns__C)
                  000071d0    00000008     empty_min_pem4f.oem4f (.const:xdc_runtime_Startup_lastFxns__C)
                  000071d8    00000004     empty_min_pem4f.oem4f (.const:ti_catalog_arm_cortexm4_tiva_ce_Boot_A_mustUseEnhancedClockMode__C)
                  000071dc    00000004     empty_min_pem4f.oem4f (.const:ti_catalog_arm_cortexm4_tiva_ce_Boot_Module__diagsEnabled__C)
                  000071e0    00000004     empty_min_pem4f.oem4f (.const:ti_catalog_arm_cortexm4_tiva_ce_Boot_Module__diagsIncluded__C)
                  000071e4    00000004     empty_min_pem4f.oem4f (.const:ti_catalog_arm_cortexm4_tiva_ce_Boot_Module__diagsMask__C)
                  000071e8    00000004     empty_min_pem4f.oem4f (.const:ti_sysbios_family_arm_lm4_Timer_enableFunc__C)
                  000071ec    00000004     empty_min_pem4f.oem4f (.const:ti_sysbios_family_arm_lm4_Timer_numTimerDevices__C)
                  000071f0    00000004     empty_min_pem4f.oem4f (.const:ti_sysbios_family_arm_lm4_Timer_startupNeeded__C)
                  000071f4    00000004     empty_min_pem4f.oem4f (.const:ti_sysbios_family_arm_m3_Hwi_E_NMI__C)
                  000071f8    00000004     empty_min_pem4f.oem4f (.const:ti_sysbios_family_arm_m3_Hwi_E_busFault__C)
                  000071fc    00000004     empty_min_pem4f.oem4f (.const:ti_sysbios_family_arm_m3_Hwi_E_debugMon__C)
                  00007200    00000004     empty_min_pem4f.oem4f (.const:ti_sysbios_family_arm_m3_Hwi_E_hardFault__C)
                  00007204    00000004     empty_min_pem4f.oem4f (.const:ti_sysbios_family_arm_m3_Hwi_E_memFault__C)
                  00007208    00000004     empty_min_pem4f.oem4f (.const:ti_sysbios_family_arm_m3_Hwi_E_noIsr__C)
                  0000720c    00000004     empty_min_pem4f.oem4f (.const:ti_sysbios_family_arm_m3_Hwi_E_reserved__C)
                  00007210    00000004     empty_min_pem4f.oem4f (.const:ti_sysbios_family_arm_m3_Hwi_E_svCall__C)
                  00007214    00000004     empty_min_pem4f.oem4f (.const:ti_sysbios_family_arm_m3_Hwi_E_usageFault__C)
                  00007218    00000004     empty_min_pem4f.oem4f (.const:ti_sysbios_family_arm_m3_Hwi_NUM_INTERRUPTS__C)
                  0000721c    00000004     empty_min_pem4f.oem4f (.const:ti_sysbios_family_arm_m3_Hwi_Object__count__C)
                  00007220    00000004     empty_min_pem4f.oem4f (.const:ti_sysbios_family_arm_m3_Hwi_ccr__C)
                  00007224    00000004     empty_min_pem4f.oem4f (.const:ti_sysbios_family_arm_m3_Hwi_excHandlerFunc__C)
                  00007228    00000004     empty_min_pem4f.oem4f (.const:ti_sysbios_family_arm_m3_Hwi_excHookFuncs__C)
                  0000722c    00000004     empty_min_pem4f.oem4f (.const:ti_sysbios_family_arm_m3_Hwi_nullIsrFunc__C)
                  00007230    00000004     empty_min_pem4f.oem4f (.const:ti_sysbios_family_arm_m3_Hwi_priGroup__C)
                  00007234    00000004     empty_min_pem4f.oem4f (.const:ti_sysbios_gates_GateMutex_Instance_State_sem__O)
                  00007238    00000004     empty_min_pem4f.oem4f (.const:ti_sysbios_heaps_HeapMem_E_memory__C)
                  0000723c    00000004     empty_min_pem4f.oem4f (.const:ti_sysbios_heaps_HeapMem_Module__gateObj__C)
                  00007240    00000004     empty_min_pem4f.oem4f (.const:ti_sysbios_heaps_HeapMem_Object__count__C)
                  00007244    00000004     empty_min_pem4f.oem4f (.const:ti_sysbios_heaps_HeapMem_reqAlign__C)
                  00007248    00000004     empty_min_pem4f.oem4f (.const:ti_sysbios_knl_Clock_Module_State_clockQ__O)
                  0000724c    00000004     empty_min_pem4f.oem4f (.const:ti_sysbios_knl_Semaphore_Instance_State_pendQ__O)
                  00007250    00000004     empty_min_pem4f.oem4f (.const:ti_sysbios_knl_Swi_Object__count__C)
                  00007254    00000004     empty_min_pem4f.oem4f (.const:ti_sysbios_knl_Task_Module_State_inactiveQ__O)
                  00007258    00000004     empty_min_pem4f.oem4f (.const:ti_sysbios_knl_Task_Object__count__C)
                  0000725c    00000004     empty_min_pem4f.oem4f (.const:ti_sysbios_knl_Task_allBlockedFunc__C)
                  00007260    00000004     empty_min_pem4f.oem4f (.const:ti_sysbios_knl_Task_numConstructedTasks__C)
                  00007264    00000004     empty_min_pem4f.oem4f (.const:ti_sysbios_utils_Load_postUpdate__C)
                  00007268    00000004     empty_min_pem4f.oem4f (.const:ti_sysbios_utils_Load_windowInMs__C)
                  0000726c    00000004     empty_min_pem4f.oem4f (.const:ti_uia_loggers_LoggerStopMode_Module__diagsEnabled__C)
                  00007270    00000004     empty_min_pem4f.oem4f (.const:ti_uia_loggers_LoggerStopMode_Module__diagsIncluded__C)
                  00007274    00000004     empty_min_pem4f.oem4f (.const:ti_uia_loggers_LoggerStopMode_Module__diagsMask__C)
                  00007278    00000004     empty_min_pem4f.oem4f (.const:ti_uia_loggers_LoggerStopMode_Object__count__C)
                  0000727c    00000004     empty_min_pem4f.oem4f (.const:ti_uia_runtime_ILoggerSnapshot_Interface__BASE__C)
                  00007280    00000004     empty_min_pem4f.oem4f (.const:ti_uia_runtime_IUIATransfer_Interface__BASE__C)
                  00007284    00000004     empty_min_pem4f.oem4f (.const:xdc_runtime_Assert_E_assertFailed__C)
                  00007288    00000004     empty_min_pem4f.oem4f (.const:xdc_runtime_Core_A_initializedParams__C)
                  0000728c    00000004     empty_min_pem4f.oem4f (.const:xdc_runtime_Core_Module__diagsEnabled__C)
                  00007290    00000004     empty_min_pem4f.oem4f (.const:xdc_runtime_Core_Module__diagsIncluded__C)
                  00007294    00000004     empty_min_pem4f.oem4f (.const:xdc_runtime_Core_Module__diagsMask__C)
                  00007298    00000004     empty_min_pem4f.oem4f (.const:xdc_runtime_Error_E_memory__C)
                  0000729c    00000004     empty_min_pem4f.oem4f (.const:xdc_runtime_Error_Module__diagsEnabled__C)
                  000072a0    00000004     empty_min_pem4f.oem4f (.const:xdc_runtime_Error_Module__diagsIncluded__C)
                  000072a4    00000004     empty_min_pem4f.oem4f (.const:xdc_runtime_Error_Module__diagsMask__C)
                  000072a8    00000004     empty_min_pem4f.oem4f (.const:xdc_runtime_Error_Module__loggerFxn8__C)
                  000072ac    00000004     empty_min_pem4f.oem4f (.const:xdc_runtime_Error_Module__loggerObj__C)
                  000072b0    00000004     empty_min_pem4f.oem4f (.const:xdc_runtime_Error_policyFxn__C)
                  000072b4    00000004     empty_min_pem4f.oem4f (.const:xdc_runtime_Error_raiseHook__C)
                  000072b8    00000004     empty_min_pem4f.oem4f (.const:xdc_runtime_IFilterLogger_Interface__BASE__C)
                  000072bc    00000004     empty_min_pem4f.oem4f (.const:xdc_runtime_IGateProvider_Interface__BASE__C)
                  000072c0    00000004     empty_min_pem4f.oem4f (.const:xdc_runtime_IHeap_Interface__BASE__C)
                  000072c4    00000004     empty_min_pem4f.oem4f (.const:xdc_runtime_ILogger_Interface__BASE__C)
                  000072c8    00000004     empty_min_pem4f.oem4f (.const:xdc_runtime_IModule_Interface__BASE__C)
                  000072cc    00000004     empty_min_pem4f.oem4f (.const:xdc_runtime_Log_L_error__C)
                  000072d0    00000004     empty_min_pem4f.oem4f (.const:xdc_runtime_Log_L_info__C)
                  000072d4    00000004     empty_min_pem4f.oem4f (.const:xdc_runtime_Main_Module__diagsEnabled__C)
                  000072d8    00000004     empty_min_pem4f.oem4f (.const:xdc_runtime_Main_Module__diagsIncluded__C)
                  000072dc    00000004     empty_min_pem4f.oem4f (.const:xdc_runtime_Main_Module__diagsMask__C)
                  000072e0    00000004     empty_min_pem4f.oem4f (.const:xdc_runtime_Main_Module__loggerFxn4__C)
                  000072e4    00000004     empty_min_pem4f.oem4f (.const:xdc_runtime_Main_Module__loggerObj__C)
                  000072e8    00000004     empty_min_pem4f.oem4f (.const:xdc_runtime_Memory_defaultHeapInstance__C)
                  000072ec    00000004     empty_min_pem4f.oem4f (.const:xdc_runtime_Startup_execImpl__C)
                  000072f0    00000004     empty_min_pem4f.oem4f (.const:xdc_runtime_Startup_lastFxns__A)
                  000072f4    00000004     empty_min_pem4f.oem4f (.const:xdc_runtime_Startup_maxPasses__C)
                  000072f8    00000004     empty_min_pem4f.oem4f (.const:xdc_runtime_Startup_sfxnRts__C)
                  000072fc    00000004     empty_min_pem4f.oem4f (.const:xdc_runtime_Startup_sfxnTab__C)
                  00007300    00000004     empty_min_pem4f.oem4f (.const:xdc_runtime_SysMin_bufSize__C)
                  00007304    00000004     empty_min_pem4f.oem4f (.const:xdc_runtime_SysMin_outputFunc__C)
                  00007308    00000004     empty_min_pem4f.oem4f (.const:xdc_runtime_System_Module__gateObj__C)
                  0000730c    00000004     empty_min_pem4f.oem4f (.const:xdc_runtime_System_abortFxn__C)
                  00007310    00000004     empty_min_pem4f.oem4f (.const:xdc_runtime_System_exitFxn__C)
                  00007314    00000004     empty_min_pem4f.oem4f (.const:xdc_runtime_System_extendFxn__C)
                  00007318    00000004     empty_min_pem4f.oem4f (.const:xdc_runtime_System_maxAtexitHandlers__C)
                  0000731c    00000004     empty_min_pem4f.oem4f (.const:xdc_runtime_Text_charTab__C)
                  00007320    00000004     empty_min_pem4f.oem4f (.const:xdc_runtime_Text_nameEmpty__C)
                  00007324    00000004     empty_min_pem4f.oem4f (.const:xdc_runtime_Text_nameStatic__C)
                  00007328    00000004     empty_min_pem4f.oem4f (.const:xdc_runtime_Text_nameUnknown__C)
                  0000732c    00000004     empty_min_pem4f.oem4f (.const:xdc_runtime_Text_nodeTab__C)
                  00007330    00000004     empty_min_pem4f.oem4f (.const:xdc_runtime_Text_visitRopeFxn__C)
                  00007334    00000002     empty_min_pem4f.oem4f (.const:ti_catalog_arm_cortexm4_tiva_ce_Boot_Module__id__C)
                  00007336    00000002     empty_min_pem4f.oem4f (.const:ti_sysbios_family_arm_lm4_TimestampProvider_useClockTimer__C)
                  00007338    00000002     empty_min_pem4f.oem4f (.const:ti_sysbios_family_arm_m3_Hwi_Module__id__C)
                  0000733a    00000002     empty_min_pem4f.oem4f (.const:ti_sysbios_heaps_HeapMem_Module__id__C)
                  0000733c    00000002     empty_min_pem4f.oem4f (.const:ti_sysbios_utils_Load_updateInIdle__C)
                  0000733e    00000002     empty_min_pem4f.oem4f (.const:ti_uia_loggers_LoggerStopMode_Module__id__C)
                  00007340    00000002     empty_min_pem4f.oem4f (.const:ti_uia_loggers_LoggerStopMode_isTimestampEnabled__C)
                  00007342    00000002     empty_min_pem4f.oem4f (.const:xdc_runtime_Core_Module__id__C)
                  00007344    00000002     empty_min_pem4f.oem4f (.const:xdc_runtime_Error_Module__loggerDefined__C)
                  00007346    00000002     empty_min_pem4f.oem4f (.const:xdc_runtime_Error_maxDepth__C)
                  00007348    00000002     empty_min_pem4f.oem4f (.const:xdc_runtime_Main_Module__id__C)
                  0000734a    00000002     empty_min_pem4f.oem4f (.const:xdc_runtime_Main_Module__loggerDefined__C)
                  0000734c    00000002     empty_min_pem4f.oem4f (.const:xdc_runtime_Memory_Module__id__C)
                  0000734e    00000002     empty_min_pem4f.oem4f (.const:xdc_runtime_SysMin_flushAtExit__C)
                  00007350    00000002     empty_min_pem4f.oem4f (.const:xdc_runtime_Text_charCnt__C)
                  00007352    00000002     empty_min_pem4f.oem4f (.const:xdc_runtime_Text_isLoaded__C)
                  00007354    00000002     empty_min_pem4f.oem4f (.const:xdc_runtime_Text_registryModsLastId__C)
                  00007356    00000002     empty_min_pem4f.oem4f (.const:xdc_runtime_Text_unnamedModsLastId__C)

.cinit     0    00007358    00000278     
                  00007358    00000243     (.cinit..data.load) [load image, compression = lzss]
                  0000759b    00000001     --HOLE-- [fill = 0]
                  0000759c    0000000c     (__TI_handler_table)
                  000075a8    00000008     (.cinit..bss.load) [load image, compression = zero_init]
                  000075b0    00000008     (.cinit..vecs.load) [load image, compression = zero_init]
                  000075b8    00000018     (__TI_cinit_table)

.init_array 
*          0    00000000    00000000     UNINITIALIZED

.resetVecs 
*          0    00000000    0000003c     
                  00000000    0000003c     empty_min_pem4f.oem4f (.resetVecs)

.bss       0    20000380    000018b0     UNINITIALIZED
                  20000380    00000400     empty_min_pem4f.oem4f (.bss:taskStackSection)
                  20000780    00000400     (.common:ti_sysbios_heaps_HeapMem_Instance_State_0_buf__A)
                  20000b80    00000400     (.common:ti_uia_loggers_LoggerStopMode_Instance_State_1_packetArray__A)
                  20000f80    00000400     (.common:ti_uia_loggers_LoggerStopMode_Instance_State_2_packetArray__A)
                  20001380    00000360     (.common:ti_sysbios_family_arm_m3_Hwi_dispatchTable)
                  200016e0    00000008     (.common:parmbuf)
                  200016e8    00000018     --HOLE--
                  20001700    00000200     (.common:ti_uia_loggers_LoggerStopMode_Instance_State_0_packetArray__A)
                  20001900    00000120     rtsv7M4_T_le_v4SPD16_eabi.lib : trgmsg.c.obj (.bss:_CIOBUF_)
                  20001a20    00000080     (.common:xdc_runtime_SysMin_Module_State_0_outbuf__A)
                  20001aa0    00000060     --HOLE--
                  20001b00    00000030     (.common:ti_uia_loggers_LoggerStopMode_Instance_State_0_hdr__A)
                  20001b30    00000050     --HOLE--
                  20001b80    00000030     (.common:ti_uia_loggers_LoggerStopMode_Instance_State_1_hdr__A)
                  20001bb0    00000050     --HOLE--
                  20001c00    00000030     (.common:ti_uia_loggers_LoggerStopMode_Instance_State_2_hdr__A)

.data      0    20001c30    000005dc     UNINITIALIZED
                  20001c30    0000009c     empty_min_pem4f.oem4f (.data:ti_uia_loggers_LoggerStopMode_Object__table__V)
                  20001ccc    00000098     empty_min_pem4f.oem4f (.data:ti_sysbios_knl_Task_Object__table__V)
                  20001d64    00000098     empty_min_pem4f.oem4f (.data:ti_sysbios_utils_Load_Module__state__V)
                  20001dfc    00000080     empty_min_pem4f.oem4f (.data:ti_sysbios_family_arm_lm4_Timer_Object__table__V)
                  20001e7c    00000080     empty_min_pem4f.oem4f (.data:ti_sysbios_knl_Swi_Module_State_0_readyQ__A)
                  20001efc    00000080     empty_min_pem4f.oem4f (.data:ti_sysbios_knl_Task_Module_State_0_readyQ__A)
                  20001f7c    00000044     empty_min_pem4f.oem4f (.data:ti_sysbios_knl_Task_Module__state__V)
                  20001fc0    00000038     empty_min_pem4f.oem4f (.data:ti_sysbios_gates_GateMutex_Object__table__V)
                  20001ff8    00000034     empty_min_pem4f.oem4f (.data:ti_sysbios_family_arm_m3_Hwi_Module__state__V)
                  2000202c    00000030     empty_min_pem4f.oem4f (.data:ti_sysbios_family_arm_lm4_Timer_Module_State_0_device__A)
                  2000205c    00000030     empty_min_pem4f.oem4f (.data:ti_sysbios_family_arm_m3_Hwi_Object__table__V)
                  2000208c    00000030     empty_min_pem4f.oem4f (.data:ti_sysbios_knl_Swi_Object__table__V)
                  200020bc    0000002c     empty_min_pem4f.oem4f (.data:ti_sysbios_knl_Clock_Module__state__V)
                  200020e8    00000024     empty_min_pem4f.oem4f (.data:ti_sysbios_BIOS_Module__state__V)
                  2000210c    0000001c     empty_min_pem4f.oem4f (.data:ti_sysbios_knl_Swi_Module__state__V)
                  20002128    00000018     empty_min_pem4f.oem4f (.data:ti_sysbios_family_arm_lm4_Timer_Module_State_0_handles__A)
                  20002140    00000018     empty_min_pem4f.oem4f (.data:ti_sysbios_heaps_HeapMem_Object__table__V)
                  20002158    0000000c     empty_min_pem4f.oem4f (.data:ti_sysbios_family_arm_lm4_Timer_Module__state__V)
                  20002164    0000000c     empty_min_pem4f.oem4f (.data:ti_uia_runtime_QueueDescriptor_Module__state__V)
                  20002170    0000000c     empty_min_pem4f.oem4f (.data:xdc_runtime_SysMin_Module__state__V)
                  2000217c    00000008     rtsv7M4_T_le_v4SPD16_eabi.lib : _lock.c.obj (.data:$O1$$)
                  20002184    00000008     ti.uia.runtime.aem4f : QueueDescriptor.oem4f (.data)
                  2000218c    00000008     empty_min_pem4f.oem4f (.data:ti_sysbios_family_arm_lm4_TimestampProvider_Module__state__V)
                  20002194    00000008     empty_min_pem4f.oem4f (.data:ti_sysbios_gates_GateHwi_Module__root__V)
                  2000219c    00000008     empty_min_pem4f.oem4f (.data:ti_sysbios_gates_GateMutex_Module__root__V)
                  200021a4    00000008     empty_min_pem4f.oem4f (.data:ti_sysbios_heaps_HeapMem_Module__root__V)
                  200021ac    00000008     empty_min_pem4f.oem4f (.data:ti_sysbios_knl_Queue_Module__root__V)
                  200021b4    00000008     empty_min_pem4f.oem4f (.data:ti_sysbios_knl_Semaphore_Module__root__V)
                  200021bc    00000008     empty_min_pem4f.oem4f (.data:ti_uia_loggers_LoggerStopMode_Module__root__V)
                  200021c4    00000008     empty_min_pem4f.oem4f (.data:xdc_runtime_Registry_Module__state__V)
                  200021cc    00000008     empty_min_pem4f.oem4f (.data:xdc_runtime_Startup_Module__state__V)
                  200021d4    00000008     empty_min_pem4f.oem4f (.data:xdc_runtime_System_Module_State_0_atexitHandlers__A)
                  200021dc    00000008     empty_min_pem4f.oem4f (.data:xdc_runtime_System_Module__state__V)
                  200021e4    00000004     rtsv7M4_T_le_v4SPD16_eabi.lib : stkdepth_vars.c.obj (.data)
                  200021e8    00000004     empty_min_pem4f.oem4f (.data:ti_sysbios_family_arm_m3_Hwi_Module_State_0_excContext__A)
                  200021ec    00000004     empty_min_pem4f.oem4f (.data:ti_sysbios_family_arm_m3_Hwi_Module_State_0_excStack__A)
                  200021f0    00000004     empty_min_pem4f.oem4f (.data:ti_sysbios_gates_GateHwi_Object__table__V)
                  200021f4    00000004     empty_min_pem4f.oem4f (.data:ti_sysbios_knl_Task_Module_State_0_idleTask__A)
                  200021f8    00000004     empty_min_pem4f.oem4f (.data:ti_sysbios_utils_Load_Module_State_0_runningTask__A)
                  200021fc    00000004     empty_min_pem4f.oem4f (.data:ti_sysbios_utils_Load_Module_State_0_taskStartTime__A)
                  20002200    00000004     empty_min_pem4f.oem4f (.data:xdc_runtime_Memory_Module__state__V)
                  20002204    00000002     test.obj (.data)
                  20002206    00000002     empty_min_pem4f.oem4f (.data:ti_sysbios_family_arm_m3_Hwi_Module_State_0_excActive__A)
                  20002208    00000002     empty_min_pem4f.oem4f (.data:xdc_runtime_Error_Module__state__V)
                  2000220a    00000002     empty_min_pem4f.oem4f (.data:xdc_runtime_Main_Module__root__V)

.stack     0    20002210    00000300     UNINITIALIZED
                  20002210    00000300     --HOLE--

.bootVecs 
*          0    00000000    00000008     DSECT
                  00000000    00000008     boot.aem4f : boot.oem4f (.bootVecs)

.vecs      0    20000000    00000360     UNINITIALIZED
                  20000000    00000360     empty_min_pem4f.oem4f (.vecs)

xdc.meta   0    00000000    000000f4     COPY SECTION
                  00000000    000000f4     empty_min_pem4f.oem4f (xdc.meta)

MODULE SUMMARY

       Module                       code    ro data   rw data
       ------                       ----    -------   -------
    .\
       test.obj                     444     0         2      
    +--+----------------------------+-------+---------+---------+
       Total:                       444     0         2      
                                                             
    C:\Users\mayuresh\Desktop\New folder (2)\RTOS-TUTORIALS\Debug\configPkg\package\cfg\
       empty_min_pem4f.oem4f        3076    9568      8086   
    +--+----------------------------+-------+---------+---------+
       Total:                       3076    9568      8086   
                                                             
    C:/ti/tirtos_tivac_2_16_01_14/products/TivaWare_C_Series-2.1.1.71b/driverlib/ccs/Debug/driverlib.lib
       gpio.obj                     382     0         0      
       sysctl.obj                   298     0         0      
    +--+----------------------------+-------+---------+---------+
       Total:                       680     0         0      
                                                             
    C:\Users\mayuresh\Desktop\New folder (2)\RTOS-TUTORIALS\src\sysbios\sysbios.aem4f
       BIOS.obj                     8820    0         0      
       m3_Hwi_asm.obj               314     0         0      
       m3_TaskSupport_asm.obj       180     0         0      
       m3_Hwi_asm_switch.obj        118     0         0      
    +--+----------------------------+-------+---------+---------+
       Total:                       9432    0         0      
                                                             
    C:\ti\ccs901\ccs\tools\compiler\ti-cgt-arm_18.12.1.LTS\lib\rtsv7M4_T_le_v4SPD16_eabi.lib
       trgmsg.c.obj                 108     0         288    
       memcpy_t2.asm.obj            156     0         0      
       memset_t2.asm.obj            122     0         0      
       copy_decompress_lzss.c.obj   104     0         0      
       hostwrite.c.obj              88      0         0      
       cpy_tbl.c.obj                76      0         0      
       u_divt2.asm.obj              64      0         0      
       _lock.c.obj                  26      0         8      
       args_main.c.obj              24      0         0      
       strlen.c.obj                 20      0         0      
       copy_decompress_none.c.obj   14      0         0      
       copy_zero_init.c.obj         12      0         0      
       hostopen.c.obj               0       0         8      
       exit.c.obj                   4       0         0      
       stkdepth_vars.c.obj          0       0         4      
       div0.asm.obj                 2       0         0      
    +--+----------------------------+-------+---------+---------+
       Total:                       820     0         308    
                                                             
    C:\ti\tirtos_tivac_2_16_01_14\products\bios_6_45_02_31\packages\ti\catalog\arm\cortexm4\tiva\ce\lib\Boot.aem4f
       Boot_sysctl.oem4f            262     0         0      
       Boot.oem4f                   152     0         0      
    +--+----------------------------+-------+---------+---------+
       Total:                       414     0         0      
                                                             
    C:\ti\tirtos_tivac_2_16_01_14\products\bios_6_45_02_31\packages\ti\targets\arm\rtsarm\lib\auto_init.aem4f
       auto_init.oem4f              160     0         0      
    +--+----------------------------+-------+---------+---------+
       Total:                       160     0         0      
                                                             
    C:\ti\tirtos_tivac_2_16_01_14\products\bios_6_45_02_31\packages\ti\targets\arm\rtsarm\lib\boot.aem4f
       boot.oem4f                   88      0         0      
    +--+----------------------------+-------+---------+---------+
       Total:                       88      0         0      
                                                             
    C:\ti\tirtos_tivac_2_16_01_14\products\bios_6_45_02_31\packages\ti\targets\arm\rtsarm\lib\ti.targets.arm.rtsarm.aem4f
       System.oem4f                 1255    0         0      
       Text.oem4f                   672     0         0      
       Error.oem4f                  524     0         0      
       Core-mem.oem4f               358     0         0      
       Startup.oem4f                328     0         0      
       SysMin.oem4f                 248     0         0      
       Core-smem.oem4f              204     0         0      
       Memory.oem4f                 176     0         0      
       Assert.oem4f                 84      0         0      
       Core-params.oem4f            70      0         0      
       Core-label.oem4f             52      0         0      
       Registry.oem4f               32      0         0      
       Gate.oem4f                   28      0         0      
    +--+----------------------------+-------+---------+---------+
       Total:                       4031    0         0      
                                                             
    C:\ti\tirtos_tivac_2_16_01_14\products\uia_2_00_05_50\packages\ti\uia\loggers\lib\release\ti.uia.loggers.aem4f
       LoggerStopMode.oem4f         552     0         0      
    +--+----------------------------+-------+---------+---------+
       Total:                       552     0         0      
                                                             
    C:\ti\tirtos_tivac_2_16_01_14\products\uia_2_00_05_50\packages\ti\uia\runtime\lib\release\ti.uia.runtime.aem4f
       QueueDescriptor.oem4f        116     0         8      
    +--+----------------------------+-------+---------+---------+
       Total:                       116     0         8      
                                                             
       Stack:                       0       0         768    
       Linker Generated:            0       631       0      
    +--+----------------------------+-------+---------+---------+
       Grand Total:                 19813   10199     9172   


LINKER GENERATED COPY TABLES

__TI_cinit_table @ 000075b8 records: 3, size/record: 8, table size: 24
	.data: load addr=00007358, load size=00000243 bytes, run addr=20001c30, run size=000005dc bytes, compression=lzss
	.bss: load addr=000075a8, load size=00000008 bytes, run addr=20000380, run size=000018b0 bytes, compression=zero_init
	.vecs: load addr=000075b0, load size=00000008 bytes, run addr=20000000, run size=00000360 bytes, compression=zero_init


LINKER GENERATED HANDLER TABLE

__TI_handler_table @ 0000759c records: 3, size/record: 4, table size: 12
	index: 0, handler: __TI_decompress_lzss
	index: 1, handler: __TI_decompress_none
	index: 2, handler: __TI_zero_init


GLOBAL SYMBOLS: SORTED ALPHABETICALLY BY Name 

address   name                                                              
-------   ----                                                              
000007bd  C$$EXIT                                                           
00003dc3  C$$IO$$                                                           
000043a1  GPIODirModeSet                                                    
00001059  GPIOPadConfigSet                                                  
00004db1  GPIOPinRead                                                       
0000499b  GPIOPinTypeGPIOOutput                                             
00004db7  GPIOPinWrite                                                      
00003451  HOSTwrite                                                         
UNDEFED   SHT$$INIT_ARRAY$$Base                                             
UNDEFED   SHT$$INIT_ARRAY$$Limit                                            
00001b95  SysCtlClockSet                                                    
00004dbd  SysCtlDelay                                                       
00003eb1  SysCtlPeripheralEnable                                            
00000000  __ASM__                                                           
20001900  __CIOBUF_                                                         
00000072  __ISA__                                                           
00000085  __PLAT__                                                          
20002510  __STACK_END                                                       
00000300  __STACK_SIZE                                                      
000000a6  __TARG__                                                          
000075b8  __TI_CINIT_Base                                                   
000075d0  __TI_CINIT_Limit                                                  
0000759c  __TI_Handler_Table_Base                                           
000075a8  __TI_Handler_Table_Limit                                          
000023cd  __TI_auto_init                                                    
00002f4d  __TI_decompress_lzss                                              
00004c99  __TI_decompress_none                                              
ffffffff  __TI_pprof_out_hndl                                               
ffffffff  __TI_prof_data_size                                               
ffffffff  __TI_prof_data_start                                              
00003ee5  __TI_readmsg                                                      
00007358  __TI_static_base__                                                
00003d95  __TI_writemsg                                                     
00004ced  __TI_zero_init                                                    
000000cc  __TRDR__                                                          
00002c3f  __aeabi_idiv0                                                     
00002c3f  __aeabi_ldiv0                                                     
00002bc5  __aeabi_memclr                                                    
00002bc5  __aeabi_memclr4                                                   
00002bc5  __aeabi_memclr8                                                   
0000250d  __aeabi_memcpy                                                    
0000250d  __aeabi_memcpy4                                                   
0000250d  __aeabi_memcpy8                                                   
00002bc7  __aeabi_memset                                                    
00002bc7  __aeabi_memset4                                                   
00002bc7  __aeabi_memset8                                                   
00003c15  __aeabi_uidiv                                                     
00003c15  __aeabi_uidivmod                                                  
ffffffff  __binit__                                                         
ffffffff  __c_args__                                                        
20002210  __stack                                                           
000049b5  _args_main                                                        
000033f9  _c_int00                                                          
2000217c  _lock                                                             
00002643  _nop                                                              
00004cd5  _register_lock                                                    
00004ce1  _register_unlock                                                  
20002180  _unlock                                                           
000007bd  abort                                                             
ffffffff  binit                                                             
000036f1  copy_in                                                           
00004b75  delay                                                             
0000401d  hardware_init                                                     
20002204  i16ToggleCount                                                    
00004ad5  led                                                               
00001f2d  ledToggle                                                         
000026dd  main                                                              
200021e4  main_func_sp                                                      
0000250d  memcpy                                                            
00002bcd  memset                                                            
00004c19  osi_TaskDisable                                                   
00004ba9  osi_start                                                         
200016e0  parmbuf                                                           
00004ae9  strlen                                                            
000071d8  ti_catalog_arm_cortexm4_tiva_ce_Boot_A_mustUseEnhancedClockMode__C
000071dc  ti_catalog_arm_cortexm4_tiva_ce_Boot_Module__diagsEnabled__C      
000071e0  ti_catalog_arm_cortexm4_tiva_ce_Boot_Module__diagsIncluded__C     
000071e4  ti_catalog_arm_cortexm4_tiva_ce_Boot_Module__diagsMask__C         
00007334  ti_catalog_arm_cortexm4_tiva_ce_Boot_Module__id__C                
00004cc9  ti_catalog_arm_cortexm4_tiva_ce_Boot_init__I                      
000015bd  ti_catalog_arm_cortexm4_tiva_ce_Boot_sysCtlClockSetI__I           
00002645  ti_catalog_arm_cortexm4_tiva_ce_Boot_sysCtlClockSet__E            
00004dc3  ti_catalog_arm_cortexm4_tiva_ce_Boot_sysCtlDelayI__I              
200020e8  ti_sysbios_BIOS_Module__state__V                                  
000048e5  ti_sysbios_BIOS_RtsGateProxy_Handle__label__S                     
00004501  ti_sysbios_BIOS_RtsGateProxy_Object__delete__S                    
000009bd  ti_sysbios_BIOS_RtsGateProxy_enter__E                             
00000b35  ti_sysbios_BIOS_RtsGateProxy_leave__E                             
00004e19  ti_sysbios_BIOS_RtsGateProxy_query__E                             
0000404d  ti_sysbios_BIOS_atExitFunc__I                                     
00004771  ti_sysbios_BIOS_errorRaiseHook__I                                 
00004a91  ti_sysbios_BIOS_exitFunc__I                                       
00004b89  ti_sysbios_BIOS_getCpuFreq__E                                     
00002e07  ti_sysbios_BIOS_nullFunc__I                                       
00004495  ti_sysbios_BIOS_registerRTSLock__I                                
000044b9  ti_sysbios_BIOS_removeRTSLock__I                                  
0000462d  ti_sysbios_BIOS_rtsLock__I                                        
000049cd  ti_sysbios_BIOS_rtsUnlock__I                                      
00004b99  ti_sysbios_BIOS_setThreadType__E                                  
000044dd  ti_sysbios_BIOS_startFunc__I                                      
00004ba9  ti_sysbios_BIOS_start__E                                          
2000202c  ti_sysbios_family_arm_lm4_Timer_Module_State_0_device__A          
20002128  ti_sysbios_family_arm_lm4_Timer_Module_State_0_handles__A         
000049e5  ti_sysbios_family_arm_lm4_Timer_Module__startupDone__F            
000049e5  ti_sysbios_family_arm_lm4_Timer_Module__startupDone__S            
20002158  ti_sysbios_family_arm_lm4_Timer_Module__state__V                  
00003081  ti_sysbios_family_arm_lm4_Timer_Module_startup__E                 
20001dfc  ti_sysbios_family_arm_lm4_Timer_Object__table__V                  
000071e8  ti_sysbios_family_arm_lm4_Timer_enableFunc__C                     
000038c9  ti_sysbios_family_arm_lm4_Timer_enableTimers__I                   
00002321  ti_sysbios_family_arm_lm4_Timer_enableTiva__I                     
000029b9  ti_sysbios_family_arm_lm4_Timer_getExpiredCounts__E               
00004cf9  ti_sysbios_family_arm_lm4_Timer_getMaxTicks__E                    
00004e09  ti_sysbios_family_arm_lm4_Timer_getPeriod__E                      
00003559  ti_sysbios_family_arm_lm4_Timer_initDevice__I                     
00003a31  ti_sysbios_family_arm_lm4_Timer_isrStub__E                        
00004d95  ti_sysbios_family_arm_lm4_Timer_masterDisable__I                  
00000c9d  ti_sysbios_family_arm_lm4_Timer_masterEnable__I                   
000071ec  ti_sysbios_family_arm_lm4_Timer_numTimerDevices__C                
000013b1  ti_sysbios_family_arm_lm4_Timer_start__E                          
000071f0  ti_sysbios_family_arm_lm4_Timer_startupNeeded__C                  
00003c59  ti_sysbios_family_arm_lm4_Timer_startup__E                        
00004081  ti_sysbios_family_arm_lm4_Timer_stop__E                           
000045e9  ti_sysbios_family_arm_lm4_Timer_write__I                          
2000218c  ti_sysbios_family_arm_lm4_TimestampProvider_Module__state__V      
00004dc9  ti_sysbios_family_arm_lm4_TimestampProvider_Module_startup__E     
000034a9  ti_sysbios_family_arm_lm4_TimestampProvider_get32__E              
000014b9  ti_sysbios_family_arm_lm4_TimestampProvider_get64__E              
00004b89  ti_sysbios_family_arm_lm4_TimestampProvider_getFreq__E            
00004bb9  ti_sysbios_family_arm_lm4_TimestampProvider_rolloverFunc__E       
00004d09  ti_sysbios_family_arm_lm4_TimestampProvider_startTimer__E         
00007336  ti_sysbios_family_arm_lm4_TimestampProvider_useClockTimer__C      
000071f4  ti_sysbios_family_arm_m3_Hwi_E_NMI__C                             
000071f8  ti_sysbios_family_arm_m3_Hwi_E_busFault__C                        
000071fc  ti_sysbios_family_arm_m3_Hwi_E_debugMon__C                        
00007200  ti_sysbios_family_arm_m3_Hwi_E_hardFault__C                       
00007204  ti_sysbios_family_arm_m3_Hwi_E_memFault__C                        
00007208  ti_sysbios_family_arm_m3_Hwi_E_noIsr__C                           
0000720c  ti_sysbios_family_arm_m3_Hwi_E_reserved__C                        
00007210  ti_sysbios_family_arm_m3_Hwi_E_svCall__C                          
00007214  ti_sysbios_family_arm_m3_Hwi_E_usageFault__C                      
000048b1  ti_sysbios_family_arm_m3_Hwi_Handle__label__S                     
20002206  ti_sysbios_family_arm_m3_Hwi_Module_State_0_excActive__A          
200021e8  ti_sysbios_family_arm_m3_Hwi_Module_State_0_excContext__A         
200021ec  ti_sysbios_family_arm_m3_Hwi_Module_State_0_excStack__A           
00007338  ti_sysbios_family_arm_m3_Hwi_Module__id__C                        
000049fd  ti_sysbios_family_arm_m3_Hwi_Module__startupDone__F               
000049fd  ti_sysbios_family_arm_m3_Hwi_Module__startupDone__S               
20001ff8  ti_sysbios_family_arm_m3_Hwi_Module__state__V                     
00003601  ti_sysbios_family_arm_m3_Hwi_Module_startup__E                    
00007218  ti_sysbios_family_arm_m3_Hwi_NUM_INTERRUPTS__C                    
0000721c  ti_sysbios_family_arm_m3_Hwi_Object__count__C                     
00004afd  ti_sysbios_family_arm_m3_Hwi_Object__get__S                       
2000205c  ti_sysbios_family_arm_m3_Hwi_Object__table__V                     
00007220  ti_sysbios_family_arm_m3_Hwi_ccr__C                               
00004d19  ti_sysbios_family_arm_m3_Hwi_disableFxn__E                        
00003911  ti_sysbios_family_arm_m3_Hwi_disableInterrupt__E                  
000030e9  ti_sysbios_family_arm_m3_Hwi_dispatchC__I                         
20001380  ti_sysbios_family_arm_m3_Hwi_dispatchTable                        
000019ad  ti_sysbios_family_arm_m3_Hwi_dispatch__I                          
00004da1  ti_sysbios_family_arm_m3_Hwi_doSwiRestore__I                      
00004dd1  ti_sysbios_family_arm_m3_Hwi_doTaskRestore__I                     
00003959  ti_sysbios_family_arm_m3_Hwi_enableInterrupt__E                   
000009c1  ti_sysbios_family_arm_m3_Hwi_excBusFault__I                       
000021a1  ti_sysbios_family_arm_m3_Hwi_excDebugMon__I                       
[...]
00004c79  xdc_runtime_System_vsnprintf__E                                   
00004c89  xdc_runtime_Text_visitRope__I                                     
00004c99  __TI_decompress_none                                              
00004ca9  ti_sysbios_knl_Idle_loop__E                                       
00004cb9  ti_sysbios_knl_Queue_empty__E                                     
00004cc9  ti_catalog_arm_cortexm4_tiva_ce_Boot_init__I                      
00004cd5  _register_lock                                                    
00004ce1  _register_unlock                                                  
00004ced  __TI_zero_init                                                    
00004cf9  ti_sysbios_family_arm_lm4_Timer_getMaxTicks__E                    
00004d09  ti_sysbios_family_arm_lm4_TimestampProvider_startTimer__E         
00004d19  ti_sysbios_family_arm_m3_Hwi_disableFxn__E                        
00004d19  ti_sysbios_hal_Hwi_HwiProxy_disable__E                            
00004d29  ti_sysbios_gates_GateHwi_enter__E                                 
00004d39  ti_sysbios_knl_Clock_getTickPeriod__E                             
00004d45  ti_sysbios_knl_Queue_Object__get__S                               
00004d51  xdc_runtime_Error_init__E                                         
00004d5d  xdc_runtime_Gate_enterSystem__E                                   
00004d69  xdc_runtime_Memory_calloc__E                                      
00004d75  xdc_runtime_Memory_getMaxDefaultTypeAlign__E                      
00004d81  xdc_runtime_Memory_HeapProxy_alloc__E                             
00004d8b  xdc_runtime_Memory_HeapProxy_free__E                              
00004d95  ti_sysbios_family_arm_lm4_Timer_masterDisable__I                  
00004da1  ti_sysbios_family_arm_m3_Hwi_doSwiRestore__I                      
00004da9  ti_sysbios_family_arm_m3_Hwi_startup__E                           
00004da9  ti_sysbios_hal_Hwi_HwiProxy_startup__E                            
00004da9  ti_sysbios_hal_Hwi_startup__E                                     
00004db1  GPIOPinRead                                                       
00004db7  GPIOPinWrite                                                      
00004dbd  SysCtlDelay                                                       
00004dc3  ti_catalog_arm_cortexm4_tiva_ce_Boot_sysCtlDelayI__I              
00004dc9  ti_sysbios_family_arm_lm4_TimestampProvider_Module_startup__E     
00004dd1  ti_sysbios_family_arm_m3_Hwi_doTaskRestore__I                     
00004dd9  ti_sysbios_family_arm_m3_Hwi_restoreFxn__E                        
00004dd9  ti_sysbios_hal_Hwi_HwiProxy_restore__E                            
00004de1  ti_sysbios_gates_GateHwi_leave__E                                 
00004de9  ti_sysbios_heaps_HeapMem_isBlocking__E                            
00004df1  ti_sysbios_knl_Queue_Instance_init__E                             
00004df9  ti_sysbios_knl_Swi_startup__E                                     
00004dff  xdc_runtime_System_Module_startup__E                              
00004e09  ti_sysbios_family_arm_lm4_Timer_getPeriod__E                      
00004e11  ti_sysbios_gates_GateHwi_query__E                                 
00004e11  xdc_runtime_Main_Module_GateProxy_query__E                        
00004e11  xdc_runtime_System_Module_GateProxy_query__E                      
00004e19  ti_sysbios_BIOS_RtsGateProxy_query__E                             
00004e19  ti_sysbios_gates_GateMutex_query__E                               
00004e19  ti_sysbios_heaps_HeapMem_Module_GateProxy_query__E                
00004e21  ti_sysbios_knl_Task_startup__E                                    
00004e29  ti_sysbios_gates_GateHwi_Instance_init__E                         
00004e31  ti_sysbios_knl_Clock_logTick__E                                   
00004e34  xdc_runtime_Text_charTab__A                                       
00006dcf  xdc_runtime_Error_policy__C                                       
00006dd0  xdc_runtime_Text_nodeTab__A                                       
00006ed0  ti_uia_loggers_LoggerStopMode_Module__FXNS__C                     
00006f78  ti_sysbios_heaps_HeapMem_Module__FXNS__C                          
00006fa0  ti_uia_loggers_LoggerStopMode_Object__PARAMS__C                   
00006fc8  xdc_runtime_Startup_sfxnTab__A                                    
00006ff0  ti_sysbios_gates_GateHwi_Module__FXNS__C                          
00007014  ti_sysbios_gates_GateMutex_Module__FXNS__C                        
00007038  ti_sysbios_heaps_HeapMem_Object__PARAMS__C                        
0000705c  ti_sysbios_knl_Semaphore_Object__PARAMS__C                        
00007080  ti_sysbios_gates_GateHwi_Object__DESC__C                          
000070a0  ti_sysbios_gates_GateMutex_Object__DESC__C                        
000070c0  ti_sysbios_heaps_HeapMem_Object__DESC__C                          
000070e0  ti_sysbios_knl_Queue_Object__DESC__C                              
00007100  ti_sysbios_knl_Semaphore_Object__DESC__C                          
00007120  ti_uia_loggers_LoggerStopMode_Object__DESC__C                     
00007140  ti_sysbios_gates_GateHwi_Object__PARAMS__C                        
00007158  ti_sysbios_gates_GateMutex_Object__PARAMS__C                      
00007170  ti_sysbios_knl_Queue_Object__PARAMS__C                            
00007188  xdc_runtime_Startup_firstFxns__A                                  
0000719c  xdc_runtime_Startup_sfxnRts__A                                    
000071b0  ti_sysbios_family_arm_m3_Hwi_excHookFuncs__A                      
000071b8  ti_sysbios_knl_Idle_funcList__A                                   
000071c0  ti_sysbios_knl_Idle_funcList__C                                   
000071c8  xdc_runtime_Startup_firstFxns__C                                  
000071d0  xdc_runtime_Startup_lastFxns__C                                   
000071d8  ti_catalog_arm_cortexm4_tiva_ce_Boot_A_mustUseEnhancedClockMode__C
000071dc  ti_catalog_arm_cortexm4_tiva_ce_Boot_Module__diagsEnabled__C      
000071e0  ti_catalog_arm_cortexm4_tiva_ce_Boot_Module__diagsIncluded__C     
000071e4  ti_catalog_arm_cortexm4_tiva_ce_Boot_Module__diagsMask__C         
000071e8  ti_sysbios_family_arm_lm4_Timer_enableFunc__C                     
000071ec  ti_sysbios_family_arm_lm4_Timer_numTimerDevices__C                
000071f0  ti_sysbios_family_arm_lm4_Timer_startupNeeded__C                  
000071f4  ti_sysbios_family_arm_m3_Hwi_E_NMI__C                             
000071f8  ti_sysbios_family_arm_m3_Hwi_E_busFault__C                        
000071fc  ti_sysbios_family_arm_m3_Hwi_E_debugMon__C                        
00007200  ti_sysbios_family_arm_m3_Hwi_E_hardFault__C                       
00007204  ti_sysbios_family_arm_m3_Hwi_E_memFault__C                        
00007208  ti_sysbios_family_arm_m3_Hwi_E_noIsr__C                           
0000720c  ti_sysbios_family_arm_m3_Hwi_E_reserved__C                        
00007210  ti_sysbios_family_arm_m3_Hwi_E_svCall__C                          
00007214  ti_sysbios_family_arm_m3_Hwi_E_usageFault__C                      
00007218  ti_sysbios_family_arm_m3_Hwi_NUM_INTERRUPTS__C                    
0000721c  ti_sysbios_family_arm_m3_Hwi_Object__count__C                     
00007220  ti_sysbios_family_arm_m3_Hwi_ccr__C                               
00007224  ti_sysbios_family_arm_m3_Hwi_excHandlerFunc__C                    
00007228  ti_sysbios_family_arm_m3_Hwi_excHookFuncs__C                      
0000722c  ti_sysbios_family_arm_m3_Hwi_nullIsrFunc__C                       
00007230  ti_sysbios_family_arm_m3_Hwi_priGroup__C                          
00007234  ti_sysbios_gates_GateMutex_Instance_State_sem__O                  
00007238  ti_sysbios_heaps_HeapMem_E_memory__C                              
0000723c  ti_sysbios_heaps_HeapMem_Module__gateObj__C                       
00007240  ti_sysbios_heaps_HeapMem_Object__count__C                         
00007244  ti_sysbios_heaps_HeapMem_reqAlign__C                              
00007248  ti_sysbios_knl_Clock_Module_State_clockQ__O                       
0000724c  ti_sysbios_knl_Semaphore_Instance_State_pendQ__O                  
00007250  ti_sysbios_knl_Swi_Object__count__C                               
00007254  ti_sysbios_knl_Task_Module_State_inactiveQ__O                     
00007258  ti_sysbios_knl_Task_Object__count__C                              
0000725c  ti_sysbios_knl_Task_allBlockedFunc__C                             
00007260  ti_sysbios_knl_Task_numConstructedTasks__C                        
00007264  ti_sysbios_utils_Load_postUpdate__C                               
00007268  ti_sysbios_utils_Load_windowInMs__C                               
0000726c  ti_uia_loggers_LoggerStopMode_Module__diagsEnabled__C             
00007270  ti_uia_loggers_LoggerStopMode_Module__diagsIncluded__C            
00007274  ti_uia_loggers_LoggerStopMode_Module__diagsMask__C                
00007278  ti_uia_loggers_LoggerStopMode_Object__count__C                    
0000727c  ti_uia_runtime_ILoggerSnapshot_Interface__BASE__C                 
00007280  ti_uia_runtime_IUIATransfer_Interface__BASE__C                    
00007284  xdc_runtime_Assert_E_assertFailed__C                              
00007288  xdc_runtime_Core_A_initializedParams__C                           
0000728c  xdc_runtime_Core_Module__diagsEnabled__C                          
00007290  xdc_runtime_Core_Module__diagsIncluded__C                         
00007294  xdc_runtime_Core_Module__diagsMask__C                             
00007298  xdc_runtime_Error_E_memory__C                                     
0000729c  xdc_runtime_Error_Module__diagsEnabled__C                         
000072a0  xdc_runtime_Error_Module__diagsIncluded__C                        
000072a4  xdc_runtime_Error_Module__diagsMask__C                            
000072a8  xdc_runtime_Error_Module__loggerFxn8__C                           
000072ac  xdc_runtime_Error_Module__loggerObj__C                            
000072b0  xdc_runtime_Error_policyFxn__C                                    
000072b4  xdc_runtime_Error_raiseHook__C                                    
000072b8  xdc_runtime_IFilterLogger_Interface__BASE__C                      
000072bc  xdc_runtime_IGateProvider_Interface__BASE__C                      
000072c0  xdc_runtime_IHeap_Interface__BASE__C                              
000072c4  xdc_runtime_ILogger_Interface__BASE__C                            
000072c8  xdc_runtime_IModule_Interface__BASE__C                            
000072cc  xdc_runtime_Log_L_error__C                                        
000072d0  xdc_runtime_Log_L_info__C                                         
000072d4  xdc_runtime_Main_Module__diagsEnabled__C                          
000072d8  xdc_runtime_Main_Module__diagsIncluded__C                         
000072dc  xdc_runtime_Main_Module__diagsMask__C                             
000072e0  xdc_runtime_Main_Module__loggerFxn4__C                            
000072e4  xdc_runtime_Main_Module__loggerObj__C                             
000072e8  xdc_runtime_Memory_defaultHeapInstance__C                         
000072ec  xdc_runtime_Startup_execImpl__C                                   
000072f0  xdc_runtime_Startup_lastFxns__A                                   
000072f4  xdc_runtime_Startup_maxPasses__C                                  
000072f8  xdc_runtime_Startup_sfxnRts__C                                    
000072fc  xdc_runtime_Startup_sfxnTab__C                                    
00007300  xdc_runtime_SysMin_bufSize__C                                     
00007304  xdc_runtime_SysMin_outputFunc__C                                  
00007308  xdc_runtime_System_Module__gateObj__C                             
0000730c  xdc_runtime_System_abortFxn__C                                    
00007310  xdc_runtime_System_exitFxn__C                                     
00007314  xdc_runtime_System_extendFxn__C                                   
00007318  xdc_runtime_System_maxAtexitHandlers__C                           
0000731c  xdc_runtime_Text_charTab__C                                       
00007320  xdc_runtime_Text_nameEmpty__C                                     
00007324  xdc_runtime_Text_nameStatic__C                                    
00007328  xdc_runtime_Text_nameUnknown__C                                   
0000732c  xdc_runtime_Text_nodeTab__C                                       
00007330  xdc_runtime_Text_visitRopeFxn__C                                  
00007334  ti_catalog_arm_cortexm4_tiva_ce_Boot_Module__id__C                
00007336  ti_sysbios_family_arm_lm4_TimestampProvider_useClockTimer__C      
00007338  ti_sysbios_family_arm_m3_Hwi_Module__id__C                        
0000733a  ti_sysbios_heaps_HeapMem_Module__id__C                            
0000733c  ti_sysbios_utils_Load_updateInIdle__C                             
0000733e  ti_uia_loggers_LoggerStopMode_Module__id__C                       
00007340  ti_uia_loggers_LoggerStopMode_isTimestampEnabled__C               
00007342  xdc_runtime_Core_Module__id__C                                    
00007344  xdc_runtime_Error_Module__loggerDefined__C                        
00007346  xdc_runtime_Error_maxDepth__C                                     
00007348  xdc_runtime_Main_Module__id__C                                    
0000734a  xdc_runtime_Main_Module__loggerDefined__C                         
0000734c  xdc_runtime_Memory_Module__id__C                                  
0000734e  xdc_runtime_SysMin_flushAtExit__C                                 
00007350  xdc_runtime_Text_charCnt__C                                       
00007352  xdc_runtime_Text_isLoaded__C                                      
00007354  xdc_runtime_Text_registryModsLastId__C                            
00007356  xdc_runtime_Text_unnamedModsLastId__C                             
00007358  __TI_static_base__                                                
0000759c  __TI_Handler_Table_Base                                           
000075a8  __TI_Handler_Table_Limit                                          
000075b8  __TI_CINIT_Base                                                   
000075d0  __TI_CINIT_Limit                                                  
20000000  ti_sysbios_family_arm_m3_Hwi_ramVectors                           
20000380  ti_sysbios_knl_Task_Instance_State_0_stack__A                     
20000580  ti_sysbios_knl_Task_Instance_State_1_stack__A                     
20000780  ti_sysbios_heaps_HeapMem_Instance_State_0_buf__A                  
20000b80  ti_uia_loggers_LoggerStopMode_Instance_State_1_packetArray__A     
20000f80  ti_uia_loggers_LoggerStopMode_Instance_State_2_packetArray__A     
20001380  ti_sysbios_family_arm_m3_Hwi_dispatchTable                        
200016e0  parmbuf                                                           
20001700  ti_uia_loggers_LoggerStopMode_Instance_State_0_packetArray__A     
20001900  __CIOBUF_                                                         
20001a20  xdc_runtime_SysMin_Module_State_0_outbuf__A                       
20001b00  ti_uia_loggers_LoggerStopMode_Instance_State_0_hdr__A             
20001b80  ti_uia_loggers_LoggerStopMode_Instance_State_1_hdr__A             
20001c00  ti_uia_loggers_LoggerStopMode_Instance_State_2_hdr__A             
20001c30  ti_uia_loggers_LoggerStopMode_Object__table__V                    
20001ccc  ti_sysbios_knl_Task_Object__table__V                              
20001d64  ti_sysbios_utils_Load_Module__state__V                            
20001dfc  ti_sysbios_family_arm_lm4_Timer_Object__table__V                  
20001e7c  ti_sysbios_knl_Swi_Module_State_0_readyQ__A                       
20001efc  ti_sysbios_knl_Task_Module_State_0_readyQ__A                      
20001f7c  ti_sysbios_knl_Task_Module__state__V                              
20001fc0  ti_sysbios_gates_GateMutex_Object__table__V                       
20001ff8  ti_sysbios_family_arm_m3_Hwi_Module__state__V                     
2000202c  ti_sysbios_family_arm_lm4_Timer_Module_State_0_device__A          
2000205c  ti_sysbios_family_arm_m3_Hwi_Object__table__V                     
2000208c  ti_sysbios_knl_Swi_Object__table__V                               
200020bc  ti_sysbios_knl_Clock_Module__state__V                             
200020e8  ti_sysbios_BIOS_Module__state__V                                  
2000210c  ti_sysbios_knl_Swi_Module__state__V                               
20002128  ti_sysbios_family_arm_lm4_Timer_Module_State_0_handles__A         
20002140  ti_sysbios_heaps_HeapMem_Object__table__V                         
20002158  ti_sysbios_family_arm_lm4_Timer_Module__state__V                  
20002164  ti_uia_runtime_QueueDescriptor_Module__state__V                   
20002170  xdc_runtime_SysMin_Module__state__V                               
2000217c  _lock                                                             
20002180  _unlock                                                           
20002184  ti_uia_runtime_QueueDescriptor_gPtrToFirstDescriptor              
20002188  ti_uia_runtime_QueueDescriptor_gUpdateCount                       
2000218c  ti_sysbios_family_arm_lm4_TimestampProvider_Module__state__V      
20002194  ti_sysbios_gates_GateHwi_Module__root__V                          
2000219c  ti_sysbios_gates_GateMutex_Module__root__V                        
200021a4  ti_sysbios_heaps_HeapMem_Module__root__V                          
200021ac  ti_sysbios_knl_Queue_Module__root__V                              
200021b4  ti_sysbios_knl_Semaphore_Module__root__V                          
200021bc  ti_uia_loggers_LoggerStopMode_Module__root__V                     
200021c4  xdc_runtime_Registry_Module__state__V                             
200021cc  xdc_runtime_Startup_Module__state__V                              
200021d4  xdc_runtime_System_Module_State_0_atexitHandlers__A               
200021dc  xdc_runtime_System_Module__state__V                               
200021e4  main_func_sp                                                      
200021e8  ti_sysbios_family_arm_m3_Hwi_Module_State_0_excContext__A         
200021ec  ti_sysbios_family_arm_m3_Hwi_Module_State_0_excStack__A           
200021f0  ti_sysbios_gates_GateHwi_Object__table__V                         
200021f4  ti_sysbios_knl_Task_Module_State_0_idleTask__A                    
200021f8  ti_sysbios_utils_Load_Module_State_0_runningTask__A               
200021fc  ti_sysbios_utils_Load_Module_State_0_taskStartTime__A             
20002200  xdc_runtime_Memory_Module__state__V                               
20002204  i16ToggleCount                                                    
20002206  ti_sysbios_family_arm_m3_Hwi_Module_State_0_excActive__A          
20002208  xdc_runtime_Error_Module__state__V                                
2000220a  xdc_runtime_Main_Module__root__V                                  
20002210  __stack                                                           
20002510  __STACK_END                                                       
e000e000  ti_sysbios_family_arm_m3_Hwi_nvic                                 
ffffffff  __TI_pprof_out_hndl                                               
ffffffff  __TI_prof_data_size                                               
ffffffff  __TI_prof_data_start                                              
ffffffff  __binit__                                                         
ffffffff  __c_args__                                                        
ffffffff  binit                                                             
UNDEFED   SHT$$INIT_ARRAY$$Base                                             
UNDEFED   SHT$$INIT_ARRAY$$Limit                                            

[567 symbols]
