******************************************************************************
                  TI ARM Linker PC v18.12.1                    
******************************************************************************
>> Linked Sun Jun  2 18:51:04 2019

OUTPUT FILE NAME:   <interrupts.out>
ENTRY POINT SYMBOL: "_c_int00_noargs"  address: 00000919


MEMORY CONFIGURATION

         name            origin    length      used     unused   attr    fill
----------------------  --------  ---------  --------  --------  ----  --------
  FLASH                 00000000   00040000  00000bf8  0003f408  R  X
  SRAM                  20000000   00008000  0000022b  00007dd5  RW X


SEGMENT ALLOCATION MAP

run origin  load origin   length   init length attrs members
----------  ----------- ---------- ----------- ----- -------
00000000    00000000    00000bf8   00000bf8    r-x
  00000000    00000000    0000026c   0000026c    r-- .intvecs
  0000026c    0000026c    000007f0   000007f0    r-x .text
  00000a5c    00000a5c    0000016c   0000016c    r-- .const
  00000bc8    00000bc8    00000030   00000030    r-- .cinit
20000000    20000000    0000022e   00000000    rw-
  20000000    20000000    00000200   00000000    rw- .stack
  20000200    20000200    0000001d   00000000    rw- .bss
  20000220    20000220    0000000e   00000000    rw- .data


SECTION ALLOCATION MAP

 output                                  attributes/
section   page    origin      length       input sections
--------  ----  ----------  ----------   ----------------
.intvecs   0    00000000    0000026c     
                  00000000    0000026c     tm4c123gh6pm_startup_ccs.obj (.intvecs)

.text      0    0000026c    000007f0     
                  0000026c    000001f4     main.obj (.text)
                  00000460    00000132     driverlib.lib : gpio.obj (.text:GPIOPadConfigSet)
                  00000592    00000002     --HOLE-- [fill = 0]
                  00000594    00000110                   : sysctl.obj (.text:SysCtlClockGet)
                  000006a4    0000009c     rtsv7M4_T_le_v4SPD16_eabi.lib : memcpy_t2.asm.obj (.text)
                  00000740    00000068     driverlib.lib : interrupt.obj (.text:IntEnable)
                  000007a8    00000068     rtsv7M4_T_le_v4SPD16_eabi.lib : copy_decompress_lzss.c.obj (.text:decompress:lzss:__TI_decompress_lzss)
                  00000810    00000048     driverlib.lib : gpio.obj (.text:GPIOPinConfigure)
                  00000858    00000046                   : uart.obj (.text:UARTConfigSetExpClk)
                  0000089e    00000002     --HOLE-- [fill = 0]
                  000008a0    00000044     rtsv7M4_T_le_v4SPD16_eabi.lib : autoinit.c.obj (.text:__TI_auto_init_nobinit_nopinit:__TI_auto_init_nobinit_nopinit)
                  000008e4    00000034     driverlib.lib : sysctl.obj (.text:SysCtlPeripheralEnable)
                  00000918    00000034     rtsv7M4_T_le_v4SPD16_eabi.lib : boot_cortex_m.c.obj (.text:_c_int00_noargs:_c_int00_noargs)
                  0000094c    0000002a     driverlib.lib : gpio.obj (.text:GPIODirModeSet)
                  00000976    00000002     --HOLE-- [fill = 0]
                  00000978    00000020                   : uart.obj (.text:UARTDisable)
                  00000998    00000018                   : gpio.obj (.text:GPIOPinTypeGPIOOutput)
                  000009b0    00000014                   : uart.obj (.text:UARTEnable)
                  000009c4    00000012                   : gpio.obj (.text:GPIOPinTypeUART)
                  000009d6    00000012     rtsv7M4_T_le_v4SPD16_eabi.lib : copy_zero_init.c.obj (.text:decompress:ZI:__TI_zero_init_nomemset:__TI_zero_init_nomemset)
                  000009e8    00000010     driverlib.lib : interrupt.obj (.text:IntMasterEnable)
                  000009f8    0000000e                   : uart.obj (.text:UARTCharGetNonBlocking)
                  00000a06    0000000e     rtsv7M4_T_le_v4SPD16_eabi.lib : copy_decompress_none.c.obj (.text:decompress:none:__TI_decompress_none)
                  00000a14    0000000c     driverlib.lib : cpu.obj (.text:CPUcpsie)
                  00000a20    0000000c     tm4c123gh6pm_startup_ccs.obj (.text)
                  00000a2c    0000000a     driverlib.lib : uart.obj (.text:UARTFIFODisable)
                  00000a36    0000000a                   : uart.obj (.text:UARTFIFOEnable)
                  00000a40    00000008                   : uart.obj (.text:UARTIntEnable)
                  00000a48    00000006                   : gpio.obj (.text:GPIOPinWrite)
                  00000a4e    00000006                   : uart.obj (.text:UARTFIFOLevelSet)
                  00000a54    00000004     rtsv7M4_T_le_v4SPD16_eabi.lib : pre_init.c.obj (.text:_system_pre_init)
                  00000a58    00000004                                   : exit.c.obj (.text:abort:abort)

.const     0    00000a5c    0000016c     
                  00000a5c    00000090     driverlib.lib : gpio.obj (.const:g_pui32GPIOBaseAddrs)
                  00000aec    00000070                   : interrupt.obj (.const)
                  00000b5c    0000006c                   : sysctl.obj (.const:g_pui32Xtals)

.cinit     0    00000bc8    00000030     
                  00000bc8    0000000c     (__TI_handler_table)
                  00000bd4    00000004     --HOLE-- [fill = 0]
                  00000bd8    00000008     (.cinit..bss.load) [load image, compression = zero_init]
                  00000be0    00000007     (.cinit..data.load) [load image, compression = lzss]
                  00000be7    00000001     --HOLE-- [fill = 0]
                  00000be8    00000010     (__TI_cinit_table)

.init_array 
*          0    00000000    00000000     UNINITIALIZED

.bss       0    20000200    0000001d     UNINITIALIZED
                  20000200    0000001c     (.common:request)
                  2000021c    00000001     (.common:state)

.data      0    20000220    0000000e     UNINITIALIZED
                  20000220    0000000e     main.obj (.data)

.stack     0    20000000    00000200     UNINITIALIZED
                  20000000    00000004     rtsv7M4_T_le_v4SPD16_eabi.lib : boot_cortex_m.c.obj (.stack)
                  20000004    000001fc     --HOLE--

MODULE SUMMARY

       Module                         code   ro data   rw data
       ------                         ----   -------   -------
    .\
       tm4c123gh6pm_startup_ccs.obj   12     620       0      
       main.obj                       500    0         43     
    +--+------------------------------+------+---------+---------+
       Total:                         512    620       43     
                                                              
    C:/ti/TivaWare_C_Series-2.1.4.178/driverlib/ccs/Debug/driverlib.lib
       gpio.obj                       468    144       0      
       sysctl.obj                     324    108       0      
       interrupt.obj                  120    112       0      
       uart.obj                       170    0         0      
       cpu.obj                        12     0         0      
    +--+------------------------------+------+---------+---------+
       Total:                         1094   364       0      
                                                              
    C:\ti\ccs901\ccs\tools\compiler\ti-cgt-arm_18.12.1.LTS\lib\rtsv7M4_T_le_v4SPD16_eabi.lib
       memcpy_t2.asm.obj              156    0         0      
       copy_decompress_lzss.c.obj     104    0         0      
       autoinit.c.obj                 68     0         0      
       boot_cortex_m.c.obj            52     0         0      
       copy_zero_init.c.obj           18     0         0      
       copy_decompress_none.c.obj     14     0         0      
       exit.c.obj                     4      0         0      
       pre_init.c.obj                 4      0         0      
    +--+------------------------------+------+---------+---------+
       Total:                         420    0         0      
                                                              
       Stack:                         0      0         512    
       Linker Generated:              0      43        0      
    +--+------------------------------+------+---------+---------+
       Grand Total:                   2026   1027      555    


LINKER GENERATED COPY TABLES

__TI_cinit_table @ 00000be8 records: 2, size/record: 8, table size: 16
	.bss: load addr=00000bd8, load size=00000008 bytes, run addr=20000200, run size=0000001d bytes, compression=zero_init
	.data: load addr=00000be0, load size=00000007 bytes, run addr=20000220, run size=0000000e bytes, compression=lzss


LINKER GENERATED HANDLER TABLE

__TI_handler_table @ 00000bc8 records: 3, size/record: 4, table size: 12
	index: 0, handler: __TI_decompress_lzss
	index: 1, handler: __TI_decompress_none
	index: 2, handler: __TI_zero_init


GLOBAL SYMBOLS: SORTED ALPHABETICALLY BY Name 

address   name                          
-------   ----                          
00000a59  C$$EXIT                       
00000a15  CPUcpsie                      
0000094d  GPIODirModeSet                
00000461  GPIOPadConfigSet              
00000811  GPIOPinConfigure              
00000999  GPIOPinTypeGPIOOutput         
000009c5  GPIOPinTypeUART               
00000a49  GPIOPinWrite                  
0000026d  ISR                           
00000741  IntEnable                     
000009e9  IntMasterEnable               
00000a21  ResetISR                      
00000595  SysCtlClockGet                
000008e5  SysCtlPeripheralEnable        
000009f9  UARTCharGetNonBlocking        
00000859  UARTConfigSetExpClk           
00000979  UARTDisable                   
000009b1  UARTEnable                    
00000a2d  UARTFIFODisable               
00000a37  UARTFIFOEnable                
00000a4f  UARTFIFOLevelSet              
00000a41  UARTIntEnable                 
20000200  __STACK_END                   
00000200  __STACK_SIZE                  
20000200  __STACK_TOP                   
00000be8  __TI_CINIT_Base               
00000bf8  __TI_CINIT_Limit              
00000bc8  __TI_Handler_Table_Base       
00000bd4  __TI_Handler_Table_Limit      
000008a1  __TI_auto_init_nobinit_nopinit
000007a9  __TI_decompress_lzss          
00000a07  __TI_decompress_none          
ffffffff  __TI_pprof_out_hndl           
ffffffff  __TI_prof_data_size           
ffffffff  __TI_prof_data_start          
00000000  __TI_static_base__            
000009d7  __TI_zero_init_nomemset       
000006a5  __aeabi_memcpy                
000006a5  __aeabi_memcpy4               
000006a5  __aeabi_memcpy8               
ffffffff  __binit__                     
ffffffff  __c_args__                    
UNDEFED   __mpu_init                    
20000000  __stack                       
00000919  _c_int00_noargs               
UNDEFED   _system_post_cinit            
00000a55  _system_pre_init              
00000a59  abort                         
ffffffff  binit                         
20000220  c                             
00000000  g_pfnVectors                  
20000224  i                             
0000028d  main                          
000006a5  memcpy                        
20000200  request                       
2000021c  state                         
2000022c  state1                        
2000022d  state2                        
20000228  turn                          


GLOBAL SYMBOLS: SORTED BY Symbol Address 

address   name                          
-------   ----                          
00000000  __TI_static_base__            
00000000  g_pfnVectors                  
00000200  __STACK_SIZE                  
0000026d  ISR                           
0000028d  main                          
00000461  GPIOPadConfigSet              
00000595  SysCtlClockGet                
000006a5  __aeabi_memcpy                
000006a5  __aeabi_memcpy4               
000006a5  __aeabi_memcpy8               
000006a5  memcpy                        
00000741  IntEnable                     
000007a9  __TI_decompress_lzss          
00000811  GPIOPinConfigure              
00000859  UARTConfigSetExpClk           
000008a1  __TI_auto_init_nobinit_nopinit
000008e5  SysCtlPeripheralEnable        
00000919  _c_int00_noargs               
0000094d  GPIODirModeSet                
00000979  UARTDisable                   
00000999  GPIOPinTypeGPIOOutput         
000009b1  UARTEnable                    
000009c5  GPIOPinTypeUART               
000009d7  __TI_zero_init_nomemset       
000009e9  IntMasterEnable               
000009f9  UARTCharGetNonBlocking        
00000a07  __TI_decompress_none          
00000a15  CPUcpsie                      
00000a21  ResetISR                      
00000a2d  UARTFIFODisable               
00000a37  UARTFIFOEnable                
00000a41  UARTIntEnable                 
00000a49  GPIOPinWrite                  
00000a4f  UARTFIFOLevelSet              
00000a55  _system_pre_init              
00000a59  C$$EXIT                       
00000a59  abort                         
00000bc8  __TI_Handler_Table_Base       
00000bd4  __TI_Handler_Table_Limit      
00000be8  __TI_CINIT_Base               
00000bf8  __TI_CINIT_Limit              
20000000  __stack                       
20000200  __STACK_END                   
20000200  __STACK_TOP                   
20000200  request                       
2000021c  state                         
20000220  c                             
20000224  i                             
20000228  turn                          
2000022c  state1                        
2000022d  state2                        
ffffffff  __TI_pprof_out_hndl           
ffffffff  __TI_prof_data_size           
ffffffff  __TI_prof_data_start          
ffffffff  __binit__                     
ffffffff  __c_args__                    
ffffffff  binit                         
UNDEFED   __mpu_init                    
UNDEFED   _system_post_cinit            

[59 symbols]
