******************************************************************************
                  TI ARM Linker PC v18.12.1                    
******************************************************************************
>> Linked Wed May 29 10:30:54 2019

OUTPUT FILE NAME:   <toggling.out>
ENTRY POINT SYMBOL: "_c_int00_noinit_noargs"  address: 00000611


MEMORY CONFIGURATION

         name            origin    length      used     unused   attr    fill
----------------------  --------  ---------  --------  --------  ----  --------
  FLASH                 00000000   00040000  000007ea  0003f816  R  X
  SRAM                  20000000   00008000  00000200  00007e00  RW X


SEGMENT ALLOCATION MAP

run origin  load origin   length   init length attrs members
----------  ----------- ---------- ----------- ----- -------
00000000    00000000    000007ec   000007ec    r-x
  00000000    00000000    0000026c   0000026c    r-- .intvecs
  0000026c    0000026c    00000482   00000482    r-x .text
  000006f0    000006f0    000000fc   000000fc    r-- .const
20000000    20000000    00000200   00000000    rw-
  20000000    20000000    00000200   00000000    rw- .stack


SECTION ALLOCATION MAP

 output                                  attributes/
section   page    origin      length       input sections
--------  ----  ----------  ----------   ----------------
.intvecs   0    00000000    0000026c     
                  00000000    0000026c     tm4c123gh6pm_startup_ccs.obj (.intvecs)

.text      0    0000026c    00000482     
                  0000026c    00000132     driverlib.lib : gpio.obj (.text:GPIOPadConfigSet)
                  0000039e    00000002     --HOLE-- [fill = 0]
                  000003a0    00000110                   : sysctl.obj (.text:SysCtlClockGet)
                  000004b0    0000009c     main.obj (.text)
                  0000054c    00000048     driverlib.lib : gpio.obj (.text:GPIOPinConfigure)
                  00000594    00000046                   : uart.obj (.text:UARTConfigSetExpClk)
                  000005da    00000002     --HOLE-- [fill = 0]
                  000005dc    00000034                   : sysctl.obj (.text:SysCtlPeripheralEnable)
                  00000610    0000002c     rtsv7M4_T_le_v4SPD16_eabi.lib : boot_cortex_m.c.obj (.text:_c_int00_noinit_noargs:_c_int00_noinit_noargs)
                  0000063c    0000002a     driverlib.lib : gpio.obj (.text:GPIODirModeSet)
                  00000666    00000002     --HOLE-- [fill = 0]
                  00000668    00000020                   : uart.obj (.text:UARTDisable)
                  00000688    00000014                   : uart.obj (.text:UARTEnable)
                  0000069c    00000012                   : gpio.obj (.text:GPIOPinTypeUART)
                  000006ae    0000000e                   : uart.obj (.text:UARTCharGetNonBlocking)
                  000006bc    0000000e                   : uart.obj (.text:UARTCharsAvail)
                  000006ca    0000000c     tm4c123gh6pm_startup_ccs.obj (.text)
                  000006d6    0000000a     driverlib.lib : uart.obj (.text:UARTCharPut)
                  000006e0    00000006                   : gpio.obj (.text:GPIOPinWrite)
                  000006e6    00000004     rtsv7M4_T_le_v4SPD16_eabi.lib : pre_init.c.obj (.text:_system_pre_init)
                  000006ea    00000004                                   : exit.c.obj (.text:abort:abort)

.const     0    000006f0    000000fc     
                  000006f0    00000090     driverlib.lib : gpio.obj (.const:g_pui32GPIOBaseAddrs)
                  00000780    0000006c                   : sysctl.obj (.const:g_pui32Xtals)

.cinit     0    00000000    00000000     UNINITIALIZED

.init_array 
*          0    00000000    00000000     UNINITIALIZED

.stack     0    20000000    00000200     UNINITIALIZED
                  20000000    00000004     rtsv7M4_T_le_v4SPD16_eabi.lib : boot_cortex_m.c.obj (.stack)
                  20000004    000001fc     --HOLE--

MODULE SUMMARY

       Module                         code   ro data   rw data
       ------                         ----   -------   -------
    .\
       tm4c123gh6pm_startup_ccs.obj   12     620       0      
       main.obj                       156    0         0      
    +--+------------------------------+------+---------+---------+
       Total:                         168    620       0      
                                                              
    C:/ti/TivaWare_C_Series-2.1.4.178/driverlib/ccs/Debug/driverlib.lib
       gpio.obj                       444    144       0      
       sysctl.obj                     324    108       0      
       uart.obj                       160    0         0      
    +--+------------------------------+------+---------+---------+
       Total:                         928    252       0      
                                                              
    C:\ti\ccs901\ccs\tools\compiler\ti-cgt-arm_18.12.1.LTS\lib\rtsv7M4_T_le_v4SPD16_eabi.lib
       boot_cortex_m.c.obj            44     0         0      
       exit.c.obj                     4      0         0      
       pre_init.c.obj                 4      0         0      
    +--+------------------------------+------+---------+---------+
       Total:                         52     0         0      
                                                              
       Stack:                         0      0         512    
    +--+------------------------------+------+---------+---------+
       Grand Total:                   1148   872       512    


GLOBAL SYMBOLS: SORTED ALPHABETICALLY BY Name 

address   name                  
-------   ----                  
000006eb  C$$EXIT               
0000063d  GPIODirModeSet        
0000026d  GPIOPadConfigSet      
0000054d  GPIOPinConfigure      
0000069d  GPIOPinTypeUART       
000006e1  GPIOPinWrite          
000006cb  ResetISR              
000003a1  SysCtlClockGet        
000005dd  SysCtlPeripheralEnable
000006af  UARTCharGetNonBlocking
000006d7  UARTCharPut           
000006bd  UARTCharsAvail        
00000595  UARTConfigSetExpClk   
00000669  UARTDisable           
00000689  UARTEnable            
20000200  __STACK_END           
00000200  __STACK_SIZE          
20000200  __STACK_TOP           
ffffffff  __TI_pprof_out_hndl   
ffffffff  __TI_prof_data_size   
ffffffff  __TI_prof_data_start  
00000000  __TI_static_base__    
ffffffff  __binit__             
ffffffff  __c_args__            
UNDEFED   __mpu_init            
20000000  __stack               
00000611  _c_int00_noinit_noargs
000006e7  _system_pre_init      
000006eb  abort                 
ffffffff  binit                 
00000000  g_pfnVectors          
000004b1  main                  


GLOBAL SYMBOLS: SORTED BY Symbol Address 

address   name                  
-------   ----                  
00000000  __TI_static_base__    
00000000  g_pfnVectors          
00000200  __STACK_SIZE          
0000026d  GPIOPadConfigSet      
000003a1  SysCtlClockGet        
000004b1  main                  
0000054d  GPIOPinConfigure      
00000595  UARTConfigSetExpClk   
000005dd  SysCtlPeripheralEnable
00000611  _c_int00_noinit_noargs
0000063d  GPIODirModeSet        
00000669  UARTDisable           
00000689  UARTEnable            
0000069d  GPIOPinTypeUART       
000006af  UARTCharGetNonBlocking
000006bd  UARTCharsAvail        
000006cb  ResetISR              
000006d7  UARTCharPut           
000006e1  GPIOPinWrite          
000006e7  _system_pre_init      
000006eb  C$$EXIT               
000006eb  abort                 
20000000  __stack               
20000200  __STACK_END           
20000200  __STACK_TOP           
ffffffff  __TI_pprof_out_hndl   
ffffffff  __TI_prof_data_size   
ffffffff  __TI_prof_data_start  
ffffffff  __binit__             
ffffffff  __c_args__            
ffffffff  binit                 
UNDEFED   __mpu_init            

[32 symbols]
