******************************************************************************
                  TI ARM Linker PC v18.12.1                    
******************************************************************************
>> Linked Mon May 27 17:20:59 2019

OUTPUT FILE NAME:   <swarm-tiva-tutorials.out>
ENTRY POINT SYMBOL: "_c_int00_noinit_noargs"  address: 000005e1


MEMORY CONFIGURATION

         name            origin    length      used     unused   attr    fill
----------------------  --------  ---------  --------  --------  ----  --------
  FLASH                 00000000   00040000  000007b4  0003f84c  R  X
  SRAM                  20000000   00008000  00000200  00007e00  RW X


SEGMENT ALLOCATION MAP

run origin  load origin   length   init length attrs members
----------  ----------- ---------- ----------- ----- -------
00000000    00000000    000007b4   000007b4    r-x
  00000000    00000000    0000026c   0000026c    r-- .intvecs
  0000026c    0000026c    0000044c   0000044c    r-x .text
  000006b8    000006b8    000000fc   000000fc    r-- .const
20000000    20000000    00000200   00000000    rw-
  20000000    20000000    00000200   00000000    rw- .stack


SECTION ALLOCATION MAP

 output                                  attributes/
section   page    origin      length       input sections
--------  ----  ----------  ----------   ----------------
.intvecs   0    00000000    0000026c     
                  00000000    0000026c     tm4c123gh6pm_startup_ccs.obj (.intvecs)

.text      0    0000026c    0000044c     
                  0000026c    00000132     driverlib.lib : gpio.obj (.text:GPIOPadConfigSet)
                  0000039e    00000002     --HOLE-- [fill = 0]
                  000003a0    00000110                   : sysctl.obj (.text:SysCtlClockGet)
                  000004b0    0000006c     main.obj (.text)
                  0000051c    00000048     driverlib.lib : gpio.obj (.text:GPIOPinConfigure)
                  00000564    00000046                   : uart.obj (.text:UARTConfigSetExpClk)
                  000005aa    00000002     --HOLE-- [fill = 0]
                  000005ac    00000034                   : sysctl.obj (.text:SysCtlPeripheralEnable)
                  000005e0    0000002c     rtsv7M4_T_le_v4SPD16_eabi.lib : boot_cortex_m.c.obj (.text:_c_int00_noinit_noargs:_c_int00_noinit_noargs)
                  0000060c    0000002a     driverlib.lib : gpio.obj (.text:GPIODirModeSet)
                  00000636    00000002     --HOLE-- [fill = 0]
                  00000638    00000020                   : uart.obj (.text:UARTDisable)
                  00000658    00000014                   : uart.obj (.text:UARTEnable)
                  0000066c    00000012                   : gpio.obj (.text:GPIOPinTypeUART)
                  0000067e    0000000e                   : uart.obj (.text:UARTCharGetNonBlocking)
                  0000068c    0000000e                   : uart.obj (.text:UARTCharsAvail)
                  0000069a    0000000c     tm4c123gh6pm_startup_ccs.obj (.text)
                  000006a6    0000000a     driverlib.lib : uart.obj (.text:UARTCharPut)
                  000006b0    00000004     rtsv7M4_T_le_v4SPD16_eabi.lib : pre_init.c.obj (.text:_system_pre_init)
                  000006b4    00000004                                   : exit.c.obj (.text:abort:abort)

.const     0    000006b8    000000fc     
                  000006b8    00000090     driverlib.lib : gpio.obj (.const:g_pui32GPIOBaseAddrs)
                  00000748    0000006c                   : sysctl.obj (.const:g_pui32Xtals)

.cinit     0    00000000    00000000     UNINITIALIZED

.init_array 
*          0    00000000    00000000     UNINITIALIZED

.stack     0    20000000    00000200     UNINITIALIZED
                  20000000    00000004     rtsv7M4_T_le_v4SPD16_eabi.lib : boot_cortex_m.c.obj (.stack)
                  20000004    000001fc     --HOLE--

MODULE SUMMARY

       Module                         code   ro data   rw data
       ------                         ----   -------   -------
    .\
       tm4c123gh6pm_startup_ccs.obj   12     620       0      
       main.obj                       108    0         0      
    +--+------------------------------+------+---------+---------+
       Total:                         120    620       0      
                                                              
    C:/ti/TivaWare_C_Series-2.1.4.178/driverlib/ccs/Debug/driverlib.lib
       gpio.obj                       438    144       0      
       sysctl.obj                     324    108       0      
       uart.obj                       160    0         0      
    +--+------------------------------+------+---------+---------+
       Total:                         922    252       0      
                                                              
    C:\ti\ccs901\ccs\tools\compiler\ti-cgt-arm_18.12.1.LTS\lib\rtsv7M4_T_le_v4SPD16_eabi.lib
       boot_cortex_m.c.obj            44     0         0      
       exit.c.obj                     4      0         0      
       pre_init.c.obj                 4      0         0      
    +--+------------------------------+------+---------+---------+
       Total:                         52     0         0      
                                                              
       Stack:                         0      0         512    
    +--+------------------------------+------+---------+---------+
       Grand Total:                   1094   872       512    


GLOBAL SYMBOLS: SORTED ALPHABETICALLY BY Name 

address   name                  
-------   ----                  
000006b5  C$$EXIT               
0000060d  GPIODirModeSet        
0000026d  GPIOPadConfigSet      
0000051d  GPIOPinConfigure      
0000066d  GPIOPinTypeUART       
0000069b  ResetISR              
000003a1  SysCtlClockGet        
000005ad  SysCtlPeripheralEnable
0000067f  UARTCharGetNonBlocking
000006a7  UARTCharPut           
0000068d  UARTCharsAvail        
00000565  UARTConfigSetExpClk   
00000639  UARTDisable           
00000659  UARTEnable            
20000200  __STACK_END           
00000200  __STACK_SIZE          
20000200  __STACK_TOP           
ffffffff  __TI_pprof_out_hndl   
ffffffff  __TI_prof_data_size   
ffffffff  __TI_prof_data_start  
00000000  __TI_static_base__    
ffffffff  __binit__             
ffffffff  __c_args__            
UNDEFED   __mpu_init            
20000000  __stack               
000005e1  _c_int00_noinit_noargs
000006b1  _system_pre_init      
000006b5  abort                 
ffffffff  binit                 
00000000  g_pfnVectors          
000004b1  main                  


GLOBAL SYMBOLS: SORTED BY Symbol Address 

address   name                  
-------   ----                  
00000000  __TI_static_base__    
00000000  g_pfnVectors          
00000200  __STACK_SIZE          
0000026d  GPIOPadConfigSet      
000003a1  SysCtlClockGet        
000004b1  main                  
0000051d  GPIOPinConfigure      
00000565  UARTConfigSetExpClk   
000005ad  SysCtlPeripheralEnable
000005e1  _c_int00_noinit_noargs
0000060d  GPIODirModeSet        
00000639  UARTDisable           
00000659  UARTEnable            
0000066d  GPIOPinTypeUART       
0000067f  UARTCharGetNonBlocking
0000068d  UARTCharsAvail        
0000069b  ResetISR              
000006a7  UARTCharPut           
000006b1  _system_pre_init      
000006b5  C$$EXIT               
000006b5  abort                 
20000000  __stack               
20000200  __STACK_END           
20000200  __STACK_TOP           
ffffffff  __TI_pprof_out_hndl   
ffffffff  __TI_prof_data_size   
ffffffff  __TI_prof_data_start  
ffffffff  __binit__             
ffffffff  __c_args__            
ffffffff  binit                 
UNDEFED   __mpu_init            

[31 symbols]
